<html>
<body>
<pre>
<h1>µVision Build Log</h1>
<h2>Tool Versions:</h2>
IDE-Version: µVision V5.23.0.0
Copyright (C) 2017 ARM Ltd and ARM Germany GmbH. All rights reserved.
License Information: Alex Cheng hkust Flex license: MDK-ARM Professional (Eval) (mdk_pro_eval) Operation stops: 12 May 2022
 
Tool Versions:
Toolchain:       MDK-ARM Professional (Eval)  Version: 5.23
Toolchain Path:  C:\Keil_v5\ARM\ARMCC\Bin
C Compiler:      Armcc.exe V5.06 update 4 (build 422)
Assembler:       Armasm.exe V5.06 update 4 (build 422)
Linker/Locator:  ArmLink.exe V5.06 update 4 (build 422)
Library Manager: ArmAr.exe V5.06 update 4 (build 422)
Hex Converter:   FromElf.exe V5.06 update 4 (build 422)
CPU DLL:         SARMCM3.DLL V5.23
Dialog DLL:      DCM.DLL V1.15.0.0
Target DLL:      CMSIS_AGDI.dll V1.27.5.0
Dialog DLL:      TCM.DLL V1.27.0.0
 
<h2>Project:</h2>
I:\elec3300\Project - finish dma - Copy - Copy\MDK-ARM\Project.uvprojx
Project File Date:  05/09/2022

<h2>Output:</h2>
*** Using Compiler 'V5.06 update 4 (build 422)', folder: 'C:\Keil_v5\ARM\ARMCC\Bin'
Rebuild target 'Project'
assembling startup_stm32f103xe.s...
compiling xpt2046.c...
..\Src\xpt2046.h(81): warning:  #1295-D: Deprecated declaration Get_TouchedPoint - give arg types
  strType_XPT2046_Coordinate Get_TouchedPoint();
..\Src\xpt2046.c: 1 warning, 0 errors
compiling WM8960.c...
..\Src\WM8960.h(23): warning:  #1295-D: Deprecated declaration test_with_noise - give arg types
  void test_with_noise();
..\Src\WM8960.c: 1 warning, 0 errors
compiling lcdtp.c...
compiling bsp_driver_sd.c...
compiling fatfs.c...
compiling main.c...
../Src/xpt2046.h(81): warning:  #1295-D: Deprecated declaration Get_TouchedPoint - give arg types
  strType_XPT2046_Coordinate Get_TouchedPoint();
../Src/WM8960.h(23): warning:  #1295-D: Deprecated declaration test_with_noise - give arg types
  void test_with_noise();
../Src/main.c(315): warning:  #177-D: variable "size"  was declared but never referenced
  	uint16_t size= w*h;
../Src/main.c(382): warning:  #167-D: argument of type "int *" is incompatible with parameter of type "UINT *"
  		f_read(&file , lane_buffer , gg , &temp_int);
../Src/main.c(348): warning:  #177-D: variable "size"  was declared but never referenced
  	uint32_t size= w*h;
../Src/main.c(650): warning:  #181-D: argument is incompatible with corresponding format string conversion
  			sscanf(temp_char , "%d"  , &note_buffer[note_counter].note_type);
../Src/main.c(1036): warning:  #177-D: variable "size"  was declared but never referenced
  				uint32_t size = buffer_width * buffer_height;
../Src/main.c: 7 warnings, 0 errors
compiling stm32f1xx_it.c...
../Src/xpt2046.h(81): warning:  #1295-D: Deprecated declaration Get_TouchedPoint - give arg types
  strType_XPT2046_Coordinate Get_TouchedPoint();
../Src/stm32f1xx_it.c: 1 warning, 0 errors
compiling system_stm32f1xx.c...
compiling stm32f1xx_hal_msp.c...
compiling stm32f1xx_hal_adc.c...
compiling stm32f1xx_hal_gpio_ex.c...
compiling stm32f1xx_hal_adc_ex.c...
compiling stm32f1xx_hal.c...
compiling stm32f1xx_hal_rcc_ex.c...
compiling stm32f1xx_hal_rcc.c...
compiling stm32f1xx_hal_cortex.c...
compiling stm32f1xx_hal_dma.c...
compiling stm32f1xx_hal_gpio.c...
compiling stm32f1xx_hal_pwr.c...
compiling stm32f1xx_hal_flash_ex.c...
compiling stm32f1xx_hal_flash.c...
compiling stm32f1xx_hal_sram.c...
compiling stm32f1xx_hal_exti.c...
compiling stm32f1xx_ll_fsmc.c...
compiling stm32f1xx_ll_sdmmc.c...
compiling stm32f1xx_hal_i2s.c...
compiling stm32f1xx_hal_i2c.c...
compiling stm32f1xx_hal_sd.c...
compiling stm32f1xx_hal_tim.c...
compiling stm32f1xx_hal_tim_ex.c...
compiling stm32f1xx_hal_uart.c...
compiling diskio.c...
compiling ff.c...
compiling syscall.c...
compiling ff_gen_drv.c...
compiling sd_diskio.c...
linking...
Program Size: Code=41798 RO-data=2138 RW-data=30572 ZI-data=22500  
FromELF: creating hex file...
"Project\Project.axf" - 0 Error(s), 10 Warning(s).

<h2>Software Packages used:</h2>

Package Vendor: ARM
                http://www.keil.com/pack/ARM.CMSIS.5.8.0.pack
                ARM::CMSIS:CORE:5.5.0
                CMSIS (Common Microcontroller Software Interface Standard)
   * Component: CORE Version: 5.5.0

<h2>Collection of Component include folders:</h2>
  .\RTE\_Project
  C:\Keil_v5\ARM\PACK\ARM\CMSIS\5.8.0\CMSIS\Core\Include
  C:\Keil_v5\ARM\PACK\Keil\STM32F1xx_DFP\2.4.0\Device\Include

<h2>Collection of Component Files used:</h2>

   * Component: ARM::CMSIS:CORE:5.5.0
Build Time Elapsed:  00:00:46
</pre>
</body>
</html>
