Component: ARM Compiler 5.06 update 4 (build 422) Tool: armlink [4d35d2]

==============================================================================

Section Cross References

    startup_stm32f103xe.o(RESET) refers to startup_stm32f103xe.o(STACK) for __initial_sp
    startup_stm32f103xe.o(RESET) refers to startup_stm32f103xe.o(.text) for Reset_Handler
    startup_stm32f103xe.o(RESET) refers to stm32f1xx_it.o(i.NMI_Handler) for NMI_Handler
    startup_stm32f103xe.o(RESET) refers to stm32f1xx_it.o(i.HardFault_Handler) for HardFault_Handler
    startup_stm32f103xe.o(RESET) refers to stm32f1xx_it.o(i.MemManage_Handler) for MemManage_Handler
    startup_stm32f103xe.o(RESET) refers to stm32f1xx_it.o(i.BusFault_Handler) for BusFault_Handler
    startup_stm32f103xe.o(RESET) refers to stm32f1xx_it.o(i.UsageFault_Handler) for UsageFault_Handler
    startup_stm32f103xe.o(RESET) refers to stm32f1xx_it.o(i.SVC_Handler) for SVC_Handler
    startup_stm32f103xe.o(RESET) refers to stm32f1xx_it.o(i.DebugMon_Handler) for DebugMon_Handler
    startup_stm32f103xe.o(RESET) refers to stm32f1xx_it.o(i.PendSV_Handler) for PendSV_Handler
    startup_stm32f103xe.o(RESET) refers to stm32f1xx_it.o(i.SysTick_Handler) for SysTick_Handler
    startup_stm32f103xe.o(RESET) refers to stm32f1xx_it.o(i.EXTI4_IRQHandler) for EXTI4_IRQHandler
    startup_stm32f103xe.o(RESET) refers to stm32f1xx_it.o(i.TIM2_IRQHandler) for TIM2_IRQHandler
    startup_stm32f103xe.o(RESET) refers to stm32f1xx_it.o(i.DMA2_Channel4_5_IRQHandler) for DMA2_Channel4_5_IRQHandler
    startup_stm32f103xe.o(.text) refers to system_stm32f1xx_1.o(i.SystemInit) for SystemInit
    startup_stm32f103xe.o(.text) refers to entry.o(.ARM.Collect$$$$00000000) for __main
    lcdtp.o(i.LCD_BackLed_Control) refers to stm32f1xx_hal_gpio.o(i.HAL_GPIO_WritePin) for HAL_GPIO_WritePin
    lcdtp.o(i.LCD_Clear) refers to lcdtp.o(i.LCD_OpenWindow) for LCD_OpenWindow
    lcdtp.o(i.LCD_Clear) refers to lcdtp.o(i.LCD_FillColor) for LCD_FillColor
    lcdtp.o(i.LCD_DrawChar) refers to lcdtp.o(i.LCD_OpenWindow) for LCD_OpenWindow
    lcdtp.o(i.LCD_DrawChar) refers to lcdtp.o(i.LCD_Write_Cmd) for LCD_Write_Cmd
    lcdtp.o(i.LCD_DrawChar) refers to lcdtp.o(i.LCD_Write_Data) for LCD_Write_Data
    lcdtp.o(i.LCD_DrawChar) refers to lcdtp.o(.constdata) for ucAscii_1608
    lcdtp.o(i.LCD_DrawChar_Color) refers to lcdtp.o(i.LCD_OpenWindow) for LCD_OpenWindow
    lcdtp.o(i.LCD_DrawChar_Color) refers to lcdtp.o(i.LCD_Write_Cmd) for LCD_Write_Cmd
    lcdtp.o(i.LCD_DrawChar_Color) refers to lcdtp.o(i.LCD_Write_Data) for LCD_Write_Data
    lcdtp.o(i.LCD_DrawChar_Color) refers to lcdtp.o(.constdata) for ucAscii_1608
    lcdtp.o(i.LCD_DrawCircle) refers to lcdtp.o(i.LCD_DrawDot) for LCD_DrawDot
    lcdtp.o(i.LCD_DrawCross) refers to lcdtp.o(i.LCD_Clear) for LCD_Clear
    lcdtp.o(i.LCD_DrawDot) refers to lcdtp.o(i.LCD_OpenWindow) for LCD_OpenWindow
    lcdtp.o(i.LCD_DrawDot) refers to lcdtp.o(i.LCD_FillColor) for LCD_FillColor
    lcdtp.o(i.LCD_DrawLine) refers to lcdtp.o(i.LCD_DrawDot) for LCD_DrawDot
    lcdtp.o(i.LCD_DrawRectangle) refers to lcdtp.o(i.LCD_OpenWindow) for LCD_OpenWindow
    lcdtp.o(i.LCD_DrawRectangle) refers to lcdtp.o(i.LCD_FillColor) for LCD_FillColor
    lcdtp.o(i.LCD_DrawRectangle) refers to lcdtp.o(i.LCD_DrawLine) for LCD_DrawLine
    lcdtp.o(i.LCD_DrawRectangle_Text) refers to lcdtp.o(i.LCD_DrawRectangle) for LCD_DrawRectangle
    lcdtp.o(i.LCD_DrawRectangle_Text) refers to lcdtp.o(i.LCD_DrawString) for LCD_DrawString
    lcdtp.o(i.LCD_DrawString) refers to lcdtp.o(i.LCD_DrawChar) for LCD_DrawChar
    lcdtp.o(i.LCD_DrawString_Color) refers to lcdtp.o(i.LCD_DrawChar_Color) for LCD_DrawChar_Color
    lcdtp.o(i.LCD_FillColor) refers to lcdtp.o(i.LCD_Write_Cmd) for LCD_Write_Cmd
    lcdtp.o(i.LCD_FillColor) refers to lcdtp.o(i.LCD_Write_Data) for LCD_Write_Data
    lcdtp.o(i.LCD_GetPointPixel) refers to lcdtp.o(i.LCD_OpenWindow) for LCD_OpenWindow
    lcdtp.o(i.LCD_GetPointPixel) refers to lcdtp.o(i.LCD_Read_PixelData) for LCD_Read_PixelData
    lcdtp.o(i.LCD_GramScan) refers to lcdtp.o(i.LCD_Write_Cmd) for LCD_Write_Cmd
    lcdtp.o(i.LCD_GramScan) refers to lcdtp.o(i.LCD_Write_Data) for LCD_Write_Data
    lcdtp.o(i.LCD_INIT) refers to lcdtp.o(i.LCD_BackLed_Control) for LCD_BackLed_Control
    lcdtp.o(i.LCD_INIT) refers to lcdtp.o(i.LCD_Rst) for LCD_Rst
    lcdtp.o(i.LCD_INIT) refers to lcdtp.o(i.LCD_REG_Config) for LCD_REG_Config
    lcdtp.o(i.LCD_INIT) refers to lcdtp.o(i.LCD_Clear) for LCD_Clear
    lcdtp.o(i.LCD_OpenWindow) refers to lcdtp.o(i.LCD_Write_Cmd) for LCD_Write_Cmd
    lcdtp.o(i.LCD_OpenWindow) refers to lcdtp.o(i.LCD_Write_Data) for LCD_Write_Data
    lcdtp.o(i.LCD_REG_Config) refers to lcdtp.o(i.LCD_Write_Cmd) for LCD_Write_Cmd
    lcdtp.o(i.LCD_REG_Config) refers to lcdtp.o(i.LCD_Write_Data) for LCD_Write_Data
    lcdtp.o(i.LCD_REG_Config) refers to lcdtp.o(i.Delay) for Delay
    lcdtp.o(i.LCD_Read_PixelData) refers to lcdtp.o(i.LCD_Write_Cmd) for LCD_Write_Cmd
[...]
    i.dir_register                           0x080078bc   Section        0  ff.o(i.dir_register)
    dir_register                             0x080078bd   Thumb Code    70  ff.o(i.dir_register)
    i.dir_sdi                                0x08007902   Section        0  ff.o(i.dir_sdi)
    dir_sdi                                  0x08007903   Thumb Code   200  ff.o(i.dir_sdi)
    i.disk_initialize                        0x080079cc   Section        0  diskio.o(i.disk_initialize)
    i.disk_ioctl                             0x080079f8   Section        0  diskio.o(i.disk_ioctl)
    i.disk_read                              0x08007a20   Section        0  diskio.o(i.disk_read)
    i.disk_status                            0x08007a50   Section        0  diskio.o(i.disk_status)
    i.disk_write                             0x08007a6c   Section        0  diskio.o(i.disk_write)
    i.display_mode                           0x08007a9c   Section        0  main.o(i.display_mode)
    i.draw_hit                               0x08008244   Section        0  main.o(i.draw_hit)
    i.draw_lane_background                   0x080082ec   Section        0  main.o(i.draw_lane_background)
    i.draw_note                              0x08008304   Section        0  main.o(i.draw_note)
    i.enq_lock                               0x08008398   Section        0  ff.o(i.enq_lock)
    enq_lock                                 0x08008399   Thumb Code    36  ff.o(i.enq_lock)
    i.f_close                                0x080083c0   Section        0  ff.o(i.f_close)
    i.f_closedir                             0x080083ee   Section        0  ff.o(i.f_closedir)
    i.f_gets                                 0x08008418   Section        0  ff.o(i.f_gets)
    i.f_mount                                0x08008470   Section        0  ff.o(i.f_mount)
    i.f_open                                 0x080084d4   Section        0  ff.o(i.f_open)
    i.f_opendir                              0x08008692   Section        0  ff.o(i.f_opendir)
    i.f_puts                                 0x08008738   Section        0  ff.o(i.f_puts)
    i.f_read                                 0x08008782   Section        0  ff.o(i.f_read)
    i.f_readdir                              0x08008986   Section        0  ff.o(i.f_readdir)
    i.f_sync                                 0x080089e2   Section        0  ff.o(i.f_sync)
    i.f_write                                0x08008aac   Section        0  ff.o(i.f_write)
    i.find_volume                            0x08008d04   Section        0  ff.o(i.find_volume)
    find_volume                              0x08008d05   Thumb Code   970  ff.o(i.find_volume)
    i.follow_path                            0x080090e0   Section        0  ff.o(i.follow_path)
    follow_path                              0x080090e1   Thumb Code   156  ff.o(i.follow_path)
    i.fputc                                  0x0800917c   Section        0  main.o(i.fputc)
    i.get_fat                                0x08009198   Section        0  ff.o(i.get_fat)
    i.get_fattime                            0x08009286   Section        0  fatfs.o(i.get_fattime)
    i.get_fileinfo                           0x0800928a   Section        0  ff.o(i.get_fileinfo)
    get_fileinfo                             0x0800928b   Thumb Code   114  ff.o(i.get_fileinfo)
    i.get_ldnumber                           0x080092fc   Section        0  ff.o(i.get_ldnumber)
    get_ldnumber                             0x080092fd   Thumb Code    72  ff.o(i.get_ldnumber)
    i.handleTouch                            0x08009344   Section        0  main.o(i.handleTouch)
    i.inc_lock                               0x0800958c   Section        0  ff.o(i.inc_lock)
    inc_lock                                 0x0800958d   Thumb Code   226  ff.o(i.inc_lock)
    i.lane_buffer_in_bound                   0x08009674   Section        0  main.o(i.lane_buffer_in_bound)
    i.ld_clust                               0x08009692   Section        0  ff.o(i.ld_clust)
    ld_clust                                 0x08009693   Thumb Code    34  ff.o(i.ld_clust)
    i.main                                   0x080096b4   Section        0  main.o(i.main)
    i.mem_cmp                                0x08009c64   Section        0  ff.o(i.mem_cmp)
    mem_cmp                                  0x08009c65   Thumb Code    38  ff.o(i.mem_cmp)
    i.mem_cpy                                0x08009c8a   Section        0  ff.o(i.mem_cpy)
    mem_cpy                                  0x08009c8b   Thumb Code    26  ff.o(i.mem_cpy)
    i.mem_set                                0x08009ca4   Section        0  ff.o(i.mem_set)
    mem_set                                  0x08009ca5   Thumb Code    20  ff.o(i.mem_set)
    i.move_window                            0x08009cb8   Section        0  ff.o(i.move_window)
    move_window                              0x08009cb9   Thumb Code    56  ff.o(i.move_window)
    i.number2char                            0x08009cf0   Section        0  main.o(i.number2char)
    i.put_fat                                0x08009d74   Section        0  ff.o(i.put_fat)
    i.putc_bfd                               0x08009eba   Section        0  ff.o(i.putc_bfd)
    putc_bfd                                 0x08009ebb   Thumb Code    78  ff.o(i.putc_bfd)
    i.remove_chain                           0x08009f08   Section        0  ff.o(i.remove_chain)
    remove_chain                             0x08009f09   Thumb Code   122  ff.o(i.remove_chain)
    i.remove_newline                         0x08009f82   Section        0  main.o(i.remove_newline)
    i.reset_game_mode                        0x08009fa0   Section        0  main.o(i.reset_game_mode)
    i.scan_map_files                         0x0800a004   Section        0  main.o(i.scan_map_files)
    i.show_game_background                   0x0800a1b4   Section        0  main.o(i.show_game_background)
    i.st_clust                               0x0800a2ac   Section        0  ff.o(i.st_clust)
    st_clust                                 0x0800a2ad   Thumb Code    16  ff.o(i.st_clust)
    i.sync_fs                                0x0800a2bc   Section        0  ff.o(i.sync_fs)
    sync_fs                                  0x0800a2bd   Thumb Code   244  ff.o(i.sync_fs)
    i.sync_window                            0x0800a3b0   Section        0  ff.o(i.sync_window)
    sync_window                              0x0800a3b1   Thumb Code    96  ff.o(i.sync_window)
    i.test_with_noise                        0x0800a410   Section        0  wm8960.o(i.test_with_noise)
    i.validate                               0x0800a434   Section        0  ff.o(i.validate)
    validate                                 0x0800a435   Thumb Code    66  ff.o(i.validate)
    .constdata                               0x0800a476   Section     1520  lcdtp.o(.constdata)
    .constdata                               0x0800aa66   Section       24  system_stm32f1xx_1.o(.constdata)
    .constdata                               0x0800aa7e   Section      172  ff.o(.constdata)
    ExCvt                                    0x0800aa7e   Data         128  ff.o(.constdata)
    vst                                      0x0800aafe   Data          22  ff.o(.constdata)
    cst                                      0x0800ab14   Data          22  ff.o(.constdata)
    .constdata                               0x0800ab2c   Section       20  sd_diskio.o(.constdata)
    .constdata                               0x0800ab40   Section       64  ctype_c.o(.constdata)
    .data                                    0x20000000   Section       50  xpt2046.o(.data)
    .data                                    0x20000034   Section      132  wm8960.o(.data)
    WM8960_REG_VAL                           0x20000048   Data         112  wm8960.o(.data)
    .data                                    0x200000b8   Section    30340  main.o(.data)
    .data                                    0x2000773c   Section        5  fatfs.o(.data)
    .data                                    0x20007744   Section        8  stm32f1xx_hal_msp.o(.data)
    FSMC_Initialized                         0x20007744   Data           4  stm32f1xx_hal_msp.o(.data)
    FSMC_DeInitialized                       0x20007748   Data           4  stm32f1xx_hal_msp.o(.data)
    .data                                    0x2000774c   Section        4  system_stm32f1xx_1.o(.data)
    .data                                    0x20007750   Section        9  stm32f1xx_hal.o(.data)
    .data                                    0x2000775c   Section        6  ff.o(.data)
    FatFs                                    0x2000775c   Data           4  ff.o(.data)
    Fsid                                     0x20007760   Data           2  ff.o(.data)
    .data                                    0x20007762   Section        1  sd_diskio.o(.data)
    Stat                                     0x20007762   Data           1  sd_diskio.o(.data)
    .data                                    0x20007764   Section        4  strtok.o(.data)
    state                                    0x20007764   Data           4  strtok.o(.data)
    .data                                    0x20007768   Section        4  stdout.o(.data)
    .bss                                     0x2000776c   Section    21436  main.o(.bss)
    .bss                                     0x2000cb28   Section       24  ff.o(.bss)
    Files                                    0x2000cb28   Data          24  ff.o(.bss)
    .bss                                     0x2000cb40   Section       12  ff_gen_drv.o(.bss)
    STACK                                    0x2000cb50   Section     1024  startup_stm32f103xe.o(STACK)

    Global Symbols

    Symbol Name                              Value     Ov Type        Size  Object(Section)

    BuildAttributes$$THM_ISAv4$P$D$K$B$S$PE$A:L22UL41UL21$X:L11$S22US41US21$IEEE1$IW$USESV6$~STKCKD$USESV7$~SHL$OSPACE$ROPI$EBA8$MICROLIB$REQ8$PRES8$EABIv2 0x00000000   Number         0  anon$$obj.o ABSOLUTE
    __ARM_use_no_argv                        0x00000000   Number         0  main.o ABSOLUTE
    _printf_a                                0x00000000   Number         0  stubs.o ABSOLUTE
    _printf_c                                0x00000000   Number         0  stubs.o ABSOLUTE
    _printf_charcount                        0x00000000   Number         0  stubs.o ABSOLUTE
    _printf_d                                0x00000000   Number         0  stubs.o ABSOLUTE
    _printf_e                                0x00000000   Number         0  stubs.o ABSOLUTE
    _printf_f                                0x00000000   Number         0  stubs.o ABSOLUTE
    _printf_flags                            0x00000000   Number         0  stubs.o ABSOLUTE
    _printf_fp_dec                           0x00000000   Number         0  stubs.o ABSOLUTE
    _printf_fp_hex                           0x00000000   Number         0  stubs.o ABSOLUTE
    _printf_g                                0x00000000   Number         0  stubs.o ABSOLUTE
    _printf_i                                0x00000000   Number         0  stubs.o ABSOLUTE
    _printf_int_dec                          0x00000000   Number         0  stubs.o ABSOLUTE
    _printf_l                                0x00000000   Number         0  stubs.o ABSOLUTE
    _printf_lc                               0x00000000   Number         0  stubs.o ABSOLUTE
    _printf_ll                               0x00000000   Number         0  stubs.o ABSOLUTE
    _printf_lld                              0x00000000   Number         0  stubs.o ABSOLUTE
    _printf_lli                              0x00000000   Number         0  stubs.o ABSOLUTE
    _printf_llo                              0x00000000   Number         0  stubs.o ABSOLUTE
    _printf_llu                              0x00000000   Number         0  stubs.o ABSOLUTE
    _printf_llx                              0x00000000   Number         0  stubs.o ABSOLUTE
    _printf_longlong_dec                     0x00000000   Number         0  stubs.o ABSOLUTE
    _printf_longlong_hex                     0x00000000   Number         0  stubs.o ABSOLUTE
    _printf_longlong_oct                     0x00000000   Number         0  stubs.o ABSOLUTE
    _printf_ls                               0x00000000   Number         0  stubs.o ABSOLUTE
    _printf_mbtowc                           0x00000000   Number         0  stubs.o ABSOLUTE
    _printf_n                                0x00000000   Number         0  stubs.o ABSOLUTE
    _printf_o                                0x00000000   Number         0  stubs.o ABSOLUTE
    _printf_p                                0x00000000   Number         0  stubs.o ABSOLUTE
    _printf_percent                          0x00000000   Number         0  stubs.o ABSOLUTE
    _printf_pre_padding                      0x00000000   Number         0  stubs.o ABSOLUTE
    _printf_return_value                     0x00000000   Number         0  stubs.o ABSOLUTE
    _printf_s                                0x00000000   Number         0  stubs.o ABSOLUTE
    _printf_sizespec                         0x00000000   Number         0  stubs.o ABSOLUTE
    _printf_str                              0x00000000   Number         0  stubs.o ABSOLUTE
    _printf_truncate_signed                  0x00000000   Number         0  stubs.o ABSOLUTE
    _printf_truncate_unsigned                0x00000000   Number         0  stubs.o ABSOLUTE
    _printf_u                                0x00000000   Number         0  stubs.o ABSOLUTE
    _printf_wc                               0x00000000   Number         0  stubs.o ABSOLUTE
    _printf_wctomb                           0x00000000   Number         0  stubs.o ABSOLUTE
    _printf_widthprec                        0x00000000   Number         0  stubs.o ABSOLUTE
    _printf_x                                0x00000000   Number         0  stubs.o ABSOLUTE
    __cpp_initialize__aeabi_                  - Undefined Weak Reference
    __cxa_finalize                            - Undefined Weak Reference
    _clock_init                               - Undefined Weak Reference
    _microlib_exit                            - Undefined Weak Reference
    _scanf_longlong                           - Undefined Weak Reference
    _scanf_real                               - Undefined Weak Reference
    _scanf_string                             - Undefined Weak Reference
    __Vectors_Size                           0x00000130   Number         0  startup_stm32f103xe.o ABSOLUTE
    __Vectors                                0x08000000   Data           4  startup_stm32f103xe.o(RESET)
    __Vectors_End                            0x08000130   Data           0  startup_stm32f103xe.o(RESET)
    __main                                   0x08000131   Thumb Code     0  entry.o(.ARM.Collect$$$$00000000)
    _main_stk                                0x08000131   Thumb Code     0  entry2.o(.ARM.Collect$$$$00000001)
    _main_scatterload                        0x08000135   Thumb Code     0  entry5.o(.ARM.Collect$$$$00000004)
    __main_after_scatterload                 0x08000139   Thumb Code     0  entry5.o(.ARM.Collect$$$$00000004)
    _main_clock                              0x08000139   Thumb Code     0  entry7b.o(.ARM.Collect$$$$00000008)
    _main_cpp_init                           0x08000139   Thumb Code     0  entry8b.o(.ARM.Collect$$$$0000000A)
    _main_init                               0x08000139   Thumb Code     0  entry9a.o(.ARM.Collect$$$$0000000B)
    __rt_final_cpp                           0x08000141   Thumb Code     0  entry10a.o(.ARM.Collect$$$$0000000D)
    __rt_final_exit                          0x08000141   Thumb Code     0  entry11a.o(.ARM.Collect$$$$0000000F)
    Reset_Handler                            0x08000145   Thumb Code     8  startup_stm32f103xe.o(.text)
    ADC1_2_IRQHandler                        0x0800015f   Thumb Code     0  startup_stm32f103xe.o(.text)
    ADC3_IRQHandler                          0x0800015f   Thumb Code     0  startup_stm32f103xe.o(.text)
    CAN1_RX1_IRQHandler                      0x0800015f   Thumb Code     0  startup_stm32f103xe.o(.text)
    CAN1_SCE_IRQHandler                      0x0800015f   Thumb Code     0  startup_stm32f103xe.o(.text)
    DMA1_Channel1_IRQHandler                 0x0800015f   Thumb Code     0  startup_stm32f103xe.o(.text)
    DMA1_Channel2_IRQHandler                 0x0800015f   Thumb Code     0  startup_stm32f103xe.o(.text)
    DMA1_Channel3_IRQHandler                 0x0800015f   Thumb Code     0  startup_stm32f103xe.o(.text)
    DMA1_Channel4_IRQHandler                 0x0800015f   Thumb Code     0  startup_stm32f103xe.o(.text)
    DMA1_Channel5_IRQHandler                 0x0800015f   Thumb Code     0  startup_stm32f103xe.o(.text)
    DMA1_Channel6_IRQHandler                 0x0800015f   Thumb Code     0  startup_stm32f103xe.o(.text)
    DMA1_Channel7_IRQHandler                 0x0800015f   Thumb Code     0  startup_stm32f103xe.o(.text)
    DMA2_Channel1_IRQHandler                 0x0800015f   Thumb Code     0  startup_stm32f103xe.o(.text)
    DMA2_Channel2_IRQHandler                 0x0800015f   Thumb Code     0  startup_stm32f103xe.o(.text)
    DMA2_Channel3_IRQHandler                 0x0800015f   Thumb Code     0  startup_stm32f103xe.o(.text)
    EXTI0_IRQHandler                         0x0800015f   Thumb Code     0  startup_stm32f103xe.o(.text)
    EXTI15_10_IRQHandler                     0x0800015f   Thumb Code     0  startup_stm32f103xe.o(.text)
    EXTI1_IRQHandler                         0x0800015f   Thumb Code     0  startup_stm32f103xe.o(.text)
    EXTI2_IRQHandler                         0x0800015f   Thumb Code     0  startup_stm32f103xe.o(.text)
    EXTI3_IRQHandler                         0x0800015f   Thumb Code     0  startup_stm32f103xe.o(.text)
    EXTI9_5_IRQHandler                       0x0800015f   Thumb Code     0  startup_stm32f103xe.o(.text)
    FLASH_IRQHandler                         0x0800015f   Thumb Code     0  startup_stm32f103xe.o(.text)
    FSMC_IRQHandler                          0x0800015f   Thumb Code     0  startup_stm32f103xe.o(.text)
    I2C1_ER_IRQHandler                       0x0800015f   Thumb Code     0  startup_stm32f103xe.o(.text)
    I2C1_EV_IRQHandler                       0x0800015f   Thumb Code     0  startup_stm32f103xe.o(.text)
    I2C2_ER_IRQHandler                       0x0800015f   Thumb Code     0  startup_stm32f103xe.o(.text)
    I2C2_EV_IRQHandler                       0x0800015f   Thumb Code     0  startup_stm32f103xe.o(.text)
    PVD_IRQHandler                           0x0800015f   Thumb Code     0  startup_stm32f103xe.o(.text)
    RCC_IRQHandler                           0x0800015f   Thumb Code     0  startup_stm32f103xe.o(.text)
    RTC_Alarm_IRQHandler                     0x0800015f   Thumb Code     0  startup_stm32f103xe.o(.text)
    RTC_IRQHandler                           0x0800015f   Thumb Code     0  startup_stm32f103xe.o(.text)
    SDIO_IRQHandler                          0x0800015f   Thumb Code     0  startup_stm32f103xe.o(.text)
    SPI1_IRQHandler                          0x0800015f   Thumb Code     0  startup_stm32f103xe.o(.text)
    SPI2_IRQHandler                          0x0800015f   Thumb Code     0  startup_stm32f103xe.o(.text)
    SPI3_IRQHandler                          0x0800015f   Thumb Code     0  startup_stm32f103xe.o(.text)
    TAMPER_IRQHandler                        0x0800015f   Thumb Code     0  startup_stm32f103xe.o(.text)
    TIM1_BRK_IRQHandler                      0x0800015f   Thumb Code     0  startup_stm32f103xe.o(.text)
    TIM1_CC_IRQHandler                       0x0800015f   Thumb Code     0  startup_stm32f103xe.o(.text)
    TIM1_TRG_COM_IRQHandler                  0x0800015f   Thumb Code     0  startup_stm32f103xe.o(.text)
    TIM1_UP_IRQHandler                       0x0800015f   Thumb Code     0  startup_stm32f103xe.o(.text)
    TIM3_IRQHandler                          0x0800015f   Thumb Code     0  startup_stm32f103xe.o(.text)
    TIM4_IRQHandler                          0x0800015f   Thumb Code     0  startup_stm32f103xe.o(.text)
    TIM5_IRQHandler                          0x0800015f   Thumb Code     0  startup_stm32f103xe.o(.text)
    TIM6_IRQHandler                          0x0800015f   Thumb Code     0  startup_stm32f103xe.o(.text)
    TIM7_IRQHandler                          0x0800015f   Thumb Code     0  startup_stm32f103xe.o(.text)
    TIM8_BRK_IRQHandler                      0x0800015f   Thumb Code     0  startup_stm32f103xe.o(.text)
    TIM8_CC_IRQHandler                       0x0800015f   Thumb Code     0  startup_stm32f103xe.o(.text)
    TIM8_TRG_COM_IRQHandler                  0x0800015f   Thumb Code     0  startup_stm32f103xe.o(.text)
    TIM8_UP_IRQHandler                       0x0800015f   Thumb Code     0  startup_stm32f103xe.o(.text)
    UART4_IRQHandler                         0x0800015f   Thumb Code     0  startup_stm32f103xe.o(.text)
    UART5_IRQHandler                         0x0800015f   Thumb Code     0  startup_stm32f103xe.o(.text)
    USART1_IRQHandler                        0x0800015f   Thumb Code     0  startup_stm32f103xe.o(.text)
    USART2_IRQHandler                        0x0800015f   Thumb Code     0  startup_stm32f103xe.o(.text)
    USART3_IRQHandler                        0x0800015f   Thumb Code     0  startup_stm32f103xe.o(.text)
    USBWakeUp_IRQHandler                     0x0800015f   Thumb Code     0  startup_stm32f103xe.o(.text)
    USB_HP_CAN1_TX_IRQHandler                0x0800015f   Thumb Code     0  startup_stm32f103xe.o(.text)
    USB_LP_CAN1_RX0_IRQHandler               0x0800015f   Thumb Code     0  startup_stm32f103xe.o(.text)
    WWDG_IRQHandler                          0x0800015f   Thumb Code     0  startup_stm32f103xe.o(.text)
    __aeabi_llsr                             0x08000169   Thumb Code    32  llushr.o(.text)
    _ll_ushift_r                             0x08000169   Thumb Code     0  llushr.o(.text)
    __aeabi_memcpy                           0x08000189   Thumb Code    36  memcpya.o(.text)
    __aeabi_memcpy4                          0x08000189   Thumb Code     0  memcpya.o(.text)
    __aeabi_memcpy8                          0x08000189   Thumb Code     0  memcpya.o(.text)
    __aeabi_memset                           0x080001ad   Thumb Code    14  memseta.o(.text)
    __aeabi_memset4                          0x080001ad   Thumb Code     0  memseta.o(.text)
    __aeabi_memset8                          0x080001ad   Thumb Code     0  memseta.o(.text)
    __aeabi_memclr                           0x080001bb   Thumb Code     4  memseta.o(.text)
    __aeabi_memclr4                          0x080001bb   Thumb Code     0  memseta.o(.text)
    __aeabi_memclr8                          0x080001bb   Thumb Code     0  memseta.o(.text)
    _memset$wrapper                          0x080001bf   Thumb Code    18  memseta.o(.text)
    strcat                                   0x080001d1   Thumb Code    24  strcat.o(.text)
    strcpy                                   0x080001e9   Thumb Code    18  strcpy.o(.text)
    strtok                                   0x080001fd   Thumb Code    62  strtok.o(.text)
    __0sscanf                                0x08000241   Thumb Code    48  __0sscanf.o(.text)
    _scanf_int                               0x08000279   Thumb Code   332  _scanf_int.o(.text)
    __aeabi_dadd                             0x080003c5   Thumb Code   322  dadd.o(.text)
    __aeabi_dsub                             0x08000507   Thumb Code     6  dadd.o(.text)
    __aeabi_drsub                            0x0800050d   Thumb Code     6  dadd.o(.text)
    __aeabi_dmul                             0x08000513   Thumb Code   228  dmul.o(.text)
    __aeabi_ddiv                             0x080005f7   Thumb Code   222  ddiv.o(.text)
    __aeabi_i2d                              0x080006d5   Thumb Code    34  dflti.o(.text)
    __aeabi_ui2d                             0x080006f7   Thumb Code    26  dfltui.o(.text)
    __aeabi_d2iz                             0x08000711   Thumb Code    62  dfixi.o(.text)
    __aeabi_d2uiz                            0x0800074f   Thumb Code    50  dfixui.o(.text)
    __aeabi_uidiv                            0x08000781   Thumb Code     0  uidiv.o(.text)
    __aeabi_uidivmod                         0x08000781   Thumb Code    44  uidiv.o(.text)
    __aeabi_llsl                             0x080007ad   Thumb Code    30  llshl.o(.text)
    _ll_shift_l                              0x080007ad   Thumb Code     0  llshl.o(.text)
    __aeabi_lasr                             0x080007cb   Thumb Code    36  llsshr.o(.text)
    _ll_sshift_r                             0x080007cb   Thumb Code     0  llsshr.o(.text)
    _chval                                   0x080007ef   Thumb Code    28  _chval.o(.text)
    __vfscanf_char                           0x08000819   Thumb Code    20  scanf_char.o(.text)
    _sgetc                                   0x08000835   Thumb Code    30  _sgetc.o(.text)
    _sbackspace                              0x08000853   Thumb Code    34  _sgetc.o(.text)
    __I$use$fp                               0x08000875   Thumb Code     0  iusefp.o(.text)
    _double_round                            0x08000875   Thumb Code    30  depilogue.o(.text)
    _double_epilogue                         0x08000893   Thumb Code   156  depilogue.o(.text)
    __scatterload                            0x08000931   Thumb Code    28  init.o(.text)
    __scatterload_rt2                        0x08000931   Thumb Code     0  init.o(.text)
    isspace                                  0x08000955   Thumb Code    10  isspace_c.o(.text)
    __vfscanf                                0x08000961   Thumb Code   808  _scanf.o(.text)
    __ctype_lookup                           0x08000c8d   Thumb Code    34  ctype_c.o(.text)
    __decompress                             0x08000cb5   Thumb Code     0  __dclz77c.o(.text)
    __decompress2                            0x08000cb5   Thumb Code    94  __dclz77c.o(.text)
    ADC_ConversionStop_Disable               0x08000d13   Thumb Code    92  stm32f1xx_hal_adc.o(i.ADC_ConversionStop_Disable)
    ADC_Enable                               0x08000d71   Thumb Code   134  stm32f1xx_hal_adc.o(i.ADC_Enable)
    BSP_SD_GetCardInfo                       0x08000e01   Thumb Code    14  bsp_driver_sd.o(i.BSP_SD_GetCardInfo)
    BSP_SD_GetCardState                      0x08000e15   Thumb Code    20  bsp_driver_sd.o(i.BSP_SD_GetCardState)
    BSP_SD_Init                              0x08000e2d   Thumb Code    44  bsp_driver_sd.o(i.BSP_SD_Init)
    BSP_SD_IsDetected                        0x08000e5d   Thumb Code    12  bsp_driver_sd.o(i.BSP_SD_IsDetected)
    BSP_SD_ReadBlocks                        0x08000e69   Thumb Code    42  bsp_driver_sd.o(i.BSP_SD_ReadBlocks)
    BSP_SD_WriteBlocks                       0x08000e99   Thumb Code    42  bsp_driver_sd.o(i.BSP_SD_WriteBlocks)
    BusFault_Handler                         0x08000ec9   Thumb Code     4  stm32f1xx_it.o(i.BusFault_Handler)
    DMA2_Channel4_5_IRQHandler               0x08000ecd   Thumb Code    10  stm32f1xx_it.o(i.DMA2_Channel4_5_IRQHandler)
    DebugMon_Handler                         0x08000f09   Thumb Code     2  stm32f1xx_it.o(i.DebugMon_Handler)
    Delay                                    0x08000f0b   Thumb Code    18  lcdtp.o(i.Delay)
    EXTI4_IRQHandler                         0x08000f1d   Thumb Code    36  stm32f1xx_it.o(i.EXTI4_IRQHandler)
    Error_Handler                            0x08000f49   Thumb Code     2  main.o(i.Error_Handler)
    FATFS_LinkDriver                         0x08000f4b   Thumb Code    18  ff_gen_drv.o(i.FATFS_LinkDriver)
    FATFS_LinkDriverEx                       0x08000f5d   Thumb Code    78  ff_gen_drv.o(i.FATFS_LinkDriverEx)
    FSMC_NORSRAM_Extended_Timing_Init        0x08000fb1   Thumb Code    62  stm32f1xx_ll_fsmc.o(i.FSMC_NORSRAM_Extended_Timing_Init)
    FSMC_NORSRAM_Init                        0x08000ff5   Thumb Code   116  stm32f1xx_ll_fsmc.o(i.FSMC_NORSRAM_Init)
    FSMC_NORSRAM_Timing_Init                 0x0800106d   Thumb Code    66  stm32f1xx_ll_fsmc.o(i.FSMC_NORSRAM_Timing_Init)
    Get_TouchedPoint                         0x080010b1   Thumb Code   194  xpt2046.o(i.Get_TouchedPoint)
    HAL_ADCEx_Calibration_Start              0x08001179   Thumb Code   276  stm32f1xx_hal_adc_ex.o(i.HAL_ADCEx_Calibration_Start)
    HAL_ADC_ConfigChannel                    0x08001291   Thumb Code   338  stm32f1xx_hal_adc.o(i.HAL_ADC_ConfigChannel)
    HAL_ADC_GetValue                         0x080013f1   Thumb Code     8  stm32f1xx_hal_adc.o(i.HAL_ADC_GetValue)
    HAL_ADC_Init                             0x080013f9   Thumb Code   340  stm32f1xx_hal_adc.o(i.HAL_ADC_Init)
    HAL_ADC_MspInit                          0x08001559   Thumb Code   178  stm32f1xx_hal_msp.o(i.HAL_ADC_MspInit)
    HAL_ADC_PollForConversion                0x08001621   Thumb Code   366  stm32f1xx_hal_adc.o(i.HAL_ADC_PollForConversion)
    HAL_ADC_Start                            0x080017a1   Thumb Code   294  stm32f1xx_hal_adc.o(i.HAL_ADC_Start)
    HAL_DMA_IRQHandler                       0x080018d1   Thumb Code   910  stm32f1xx_hal_dma.o(i.HAL_DMA_IRQHandler)
    HAL_DMA_Init                             0x08001c69   Thumb Code   132  stm32f1xx_hal_dma.o(i.HAL_DMA_Init)
    HAL_DMA_PollForTransfer                  0x08001cf5   Thumb Code  1612  stm32f1xx_hal_dma.o(i.HAL_DMA_PollForTransfer)
    HAL_DMA_Start                            0x08002349   Thumb Code   114  stm32f1xx_hal_dma.o(i.HAL_DMA_Start)
    HAL_Delay                                0x080023bd   Thumb Code    36  stm32f1xx_hal.o(i.HAL_Delay)
    HAL_GPIO_EXTI_Callback                   0x08002461   Thumb Code     2  stm32f1xx_hal_gpio.o(i.HAL_GPIO_EXTI_Callback)
    HAL_GPIO_EXTI_IRQHandler                 0x08002465   Thumb Code    24  stm32f1xx_hal_gpio.o(i.HAL_GPIO_EXTI_IRQHandler)
    HAL_GPIO_Init                            0x08002481   Thumb Code   792  stm32f1xx_hal_gpio.o(i.HAL_GPIO_Init)
    HAL_GPIO_ReadPin                         0x080027c1   Thumb Code    16  stm32f1xx_hal_gpio.o(i.HAL_GPIO_ReadPin)
    HAL_GPIO_WritePin                        0x080027d1   Thumb Code    12  stm32f1xx_hal_gpio.o(i.HAL_GPIO_WritePin)
    HAL_GetTick                              0x080027dd   Thumb Code     6  stm32f1xx_hal.o(i.HAL_GetTick)
    HAL_I2C_Init                             0x080027e9   Thumb Code   446  stm32f1xx_hal_i2c.o(i.HAL_I2C_Init)
    HAL_I2C_Master_Transmit                  0x080029b9   Thumb Code   360  stm32f1xx_hal_i2c.o(i.HAL_I2C_Master_Transmit)
    HAL_I2C_MspInit                          0x08002b29   Thumb Code   106  stm32f1xx_hal_msp.o(i.HAL_I2C_MspInit)
    HAL_I2S_Init                             0x08002ba1   Thumb Code   316  stm32f1xx_hal_i2s.o(i.HAL_I2S_Init)
    HAL_I2S_MspInit                          0x08002ce5   Thumb Code   146  stm32f1xx_hal_msp.o(i.HAL_I2S_MspInit)
    HAL_I2S_Transmit                         0x08002d89   Thumb Code   374  stm32f1xx_hal_i2s.o(i.HAL_I2S_Transmit)
    HAL_IncTick                              0x08002f01   Thumb Code    16  stm32f1xx_hal.o(i.HAL_IncTick)
    HAL_Init                                 0x08002f19   Thumb Code    34  stm32f1xx_hal.o(i.HAL_Init)
    HAL_InitTick                             0x08002f41   Thumb Code    64  stm32f1xx_hal.o(i.HAL_InitTick)
    HAL_MspInit                              0x08002f8d   Thumb Code    76  stm32f1xx_hal_msp.o(i.HAL_MspInit)
    HAL_NVIC_EnableIRQ                       0x08002fe1   Thumb Code    32  stm32f1xx_hal_cortex.o(i.HAL_NVIC_EnableIRQ)
    HAL_NVIC_SetPriority                     0x08003001   Thumb Code   124  stm32f1xx_hal_cortex.o(i.HAL_NVIC_SetPriority)
    HAL_NVIC_SetPriorityGrouping             0x0800307d   Thumb Code    32  stm32f1xx_hal_cortex.o(i.HAL_NVIC_SetPriorityGrouping)
    HAL_RCCEx_GetPeriphCLKFreq               0x080030a5   Thumb Code   276  stm32f1xx_hal_rcc_ex.o(i.HAL_RCCEx_GetPeriphCLKFreq)
    HAL_RCCEx_PeriphCLKConfig                0x080031d9   Thumb Code   290  stm32f1xx_hal_rcc_ex.o(i.HAL_RCCEx_PeriphCLKConfig)
    HAL_RCC_ClockConfig                      0x08003309   Thumb Code   376  stm32f1xx_hal_rcc.o(i.HAL_RCC_ClockConfig)
    HAL_RCC_GetHCLKFreq                      0x08003495   Thumb Code     6  stm32f1xx_hal_rcc.o(i.HAL_RCC_GetHCLKFreq)
    HAL_RCC_GetPCLK1Freq                     0x080034a1   Thumb Code    22  stm32f1xx_hal_rcc.o(i.HAL_RCC_GetPCLK1Freq)
    HAL_RCC_GetPCLK2Freq                     0x080034c1   Thumb Code    22  stm32f1xx_hal_rcc.o(i.HAL_RCC_GetPCLK2Freq)
    HAL_RCC_GetSysClockFreq                  0x080034e1   Thumb Code   116  stm32f1xx_hal_rcc.o(i.HAL_RCC_GetSysClockFreq)
    HAL_RCC_OscConfig                        0x08003575   Thumb Code  1114  stm32f1xx_hal_rcc.o(i.HAL_RCC_OscConfig)
    HAL_SD_ConfigWideBusOperation            0x080039d9   Thumb Code   196  stm32f1xx_hal_sd.o(i.HAL_SD_ConfigWideBusOperation)
    HAL_SD_GetCardCSD                        0x08003aa1   Thumb Code   450  stm32f1xx_hal_sd.o(i.HAL_SD_GetCardCSD)
    HAL_SD_GetCardInfo                       0x08003c69   Thumb Code    38  stm32f1xx_hal_sd.o(i.HAL_SD_GetCardInfo)
    HAL_SD_GetCardState                      0x08003c8f   Thumb Code    36  stm32f1xx_hal_sd.o(i.HAL_SD_GetCardState)
    HAL_SD_Init                              0x08003cb3   Thumb Code    60  stm32f1xx_hal_sd.o(i.HAL_SD_Init)
    HAL_SD_InitCard                          0x08003cf1   Thumb Code   162  stm32f1xx_hal_sd.o(i.HAL_SD_InitCard)
    HAL_SD_MspInit                           0x08003d9d   Thumb Code   212  stm32f1xx_hal_msp.o(i.HAL_SD_MspInit)
    HAL_SD_ReadBlocks                        0x08003e89   Thumb Code   660  stm32f1xx_hal_sd.o(i.HAL_SD_ReadBlocks)
    HAL_SD_WriteBlocks                       0x08004121   Thumb Code   556  stm32f1xx_hal_sd.o(i.HAL_SD_WriteBlocks)
    HAL_SRAM_Init                            0x08004351   Thumb Code   102  stm32f1xx_hal_sram.o(i.HAL_SRAM_Init)
    HAL_SRAM_MspInit                         0x080043b7   Thumb Code    10  stm32f1xx_hal_msp.o(i.HAL_SRAM_MspInit)
    HAL_SYSTICK_Config                       0x080043c1   Thumb Code    52  stm32f1xx_hal_cortex.o(i.HAL_SYSTICK_Config)
    HAL_TIMEx_BreakCallback                  0x080043f5   Thumb Code     2  stm32f1xx_hal_tim_ex.o(i.HAL_TIMEx_BreakCallback)
    HAL_TIMEx_CommutCallback                 0x080043f7   Thumb Code     2  stm32f1xx_hal_tim_ex.o(i.HAL_TIMEx_CommutCallback)
    HAL_TIMEx_MasterConfigSynchronization    0x080043f9   Thumb Code   134  stm32f1xx_hal_tim_ex.o(i.HAL_TIMEx_MasterConfigSynchronization)
    HAL_TIM_Base_Init                        0x08004495   Thumb Code   102  stm32f1xx_hal_tim.o(i.HAL_TIM_Base_Init)
    HAL_TIM_Base_MspInit                     0x080044fd   Thumb Code    58  stm32f1xx_hal_msp.o(i.HAL_TIM_Base_MspInit)
    HAL_TIM_Base_Start_IT                    0x0800453d   Thumb Code   122  stm32f1xx_hal_tim.o(i.HAL_TIM_Base_Start_IT)
    HAL_TIM_ConfigClockSource                0x080045cd   Thumb Code   264  stm32f1xx_hal_tim.o(i.HAL_TIM_ConfigClockSource)
    HAL_TIM_IC_CaptureCallback               0x080046d5   Thumb Code     2  stm32f1xx_hal_tim.o(i.HAL_TIM_IC_CaptureCallback)
    HAL_TIM_IRQHandler                       0x080046d7   Thumb Code   406  stm32f1xx_hal_tim.o(i.HAL_TIM_IRQHandler)
    HAL_TIM_OC_DelayElapsedCallback          0x0800486d   Thumb Code     2  stm32f1xx_hal_tim.o(i.HAL_TIM_OC_DelayElapsedCallback)
    HAL_TIM_PWM_PulseFinishedCallback        0x0800486f   Thumb Code     2  stm32f1xx_hal_tim.o(i.HAL_TIM_PWM_PulseFinishedCallback)
    HAL_TIM_PeriodElapsedCallback            0x08004871   Thumb Code     2  stm32f1xx_hal_tim.o(i.HAL_TIM_PeriodElapsedCallback)
    HAL_TIM_TriggerCallback                  0x08004873   Thumb Code     2  stm32f1xx_hal_tim.o(i.HAL_TIM_TriggerCallback)
    HAL_UART_Init                            0x08004875   Thumb Code   114  stm32f1xx_hal_uart.o(i.HAL_UART_Init)
    HAL_UART_MspInit                         0x080048e9   Thumb Code   122  stm32f1xx_hal_msp.o(i.HAL_UART_MspInit)
    HAL_UART_Transmit                        0x08004971   Thumb Code   210  stm32f1xx_hal_uart.o(i.HAL_UART_Transmit)
    HardFault_Handler                        0x08004a43   Thumb Code     4  stm32f1xx_it.o(i.HardFault_Handler)
    LCD_BackLed_Control                      0x08004d9d   Thumb Code    32  lcdtp.o(i.LCD_BackLed_Control)
    LCD_Clear                                0x08004dc1   Thumb Code    42  lcdtp.o(i.LCD_Clear)
    LCD_DrawChar                             0x08004ded   Thumb Code    96  lcdtp.o(i.LCD_DrawChar)
    LCD_DrawDot                              0x08004e51   Thumb Code    40  lcdtp.o(i.LCD_DrawDot)
    LCD_DrawLine                             0x08004e79   Thumb Code   174  lcdtp.o(i.LCD_DrawLine)
    LCD_DrawRectangle                        0x08004f27   Thumb Code   146  lcdtp.o(i.LCD_DrawRectangle)
    LCD_DrawString                           0x08004fb9   Thumb Code    66  lcdtp.o(i.LCD_DrawString)
    LCD_FillColor                            0x08004ffb   Thumb Code    32  lcdtp.o(i.LCD_FillColor)
    LCD_INIT                                 0x0800501b   Thumb Code    38  lcdtp.o(i.LCD_INIT)
    LCD_OpenWindow                           0x08005041   Thumb Code    88  lcdtp.o(i.LCD_OpenWindow)
    LCD_REG_Config                           0x08005099   Thumb Code   556  lcdtp.o(i.LCD_REG_Config)
    LCD_Rst                                  0x080052c9   Thumb Code    36  lcdtp.o(i.LCD_Rst)
    LCD_Write_Cmd                            0x080052f5   Thumb Code     8  lcdtp.o(i.LCD_Write_Cmd)
    LCD_Write_Data                           0x080052fd   Thumb Code     6  lcdtp.o(i.LCD_Write_Data)
    MX_FATFS_Init                            0x08005451   Thumb Code    16  fatfs.o(i.MX_FATFS_Init)
    MemManage_Handler                        0x080057ad   Thumb Code     4  stm32f1xx_it.o(i.MemManage_Handler)
    NMI_Handler                              0x080057b1   Thumb Code     2  stm32f1xx_it.o(i.NMI_Handler)
    PendSV_Handler                           0x080057b3   Thumb Code     2  stm32f1xx_it.o(i.PendSV_Handler)
    SDIO_ConfigData                          0x080057dd   Thumb Code    44  stm32f1xx_ll_sdmmc.o(i.SDIO_ConfigData)
    SDIO_GetCommandResponse                  0x08005809   Thumb Code     8  stm32f1xx_ll_sdmmc.o(i.SDIO_GetCommandResponse)
    SDIO_GetPowerState                       0x08005811   Thumb Code    10  stm32f1xx_ll_sdmmc.o(i.SDIO_GetPowerState)
    SDIO_GetResponse                         0x0800581b   Thumb Code    12  stm32f1xx_ll_sdmmc.o(i.SDIO_GetResponse)
    SDIO_Init                                0x08005827   Thumb Code    52  stm32f1xx_ll_sdmmc.o(i.SDIO_Init)
    SDIO_PowerState_ON                       0x0800585b   Thumb Code    18  stm32f1xx_ll_sdmmc.o(i.SDIO_PowerState_ON)
    SDIO_ReadFIFO                            0x0800586d   Thumb Code     8  stm32f1xx_ll_sdmmc.o(i.SDIO_ReadFIFO)
    SDIO_SendCommand                         0x08005875   Thumb Code    40  stm32f1xx_ll_sdmmc.o(i.SDIO_SendCommand)
    SDIO_WriteFIFO                           0x0800589d   Thumb Code    12  stm32f1xx_ll_sdmmc.o(i.SDIO_WriteFIFO)
    SDMMC_CmdAppCommand                      0x080058a9   Thumb Code    56  stm32f1xx_ll_sdmmc.o(i.SDMMC_CmdAppCommand)
    SDMMC_CmdAppOperCommand                  0x080058e1   Thumb Code    54  stm32f1xx_ll_sdmmc.o(i.SDMMC_CmdAppOperCommand)
    SDMMC_CmdBlockLength                     0x0800591d   Thumb Code    56  stm32f1xx_ll_sdmmc.o(i.SDMMC_CmdBlockLength)
    SDMMC_CmdBusWidth                        0x08005955   Thumb Code    56  stm32f1xx_ll_sdmmc.o(i.SDMMC_CmdBusWidth)
    SDMMC_CmdGoIdleState                     0x0800598d   Thumb Code    44  stm32f1xx_ll_sdmmc.o(i.SDMMC_CmdGoIdleState)
    SDMMC_CmdOperCond                        0x080059b9   Thumb Code    52  stm32f1xx_ll_sdmmc.o(i.SDMMC_CmdOperCond)
    SDMMC_CmdReadMultiBlock                  0x080059ed   Thumb Code    56  stm32f1xx_ll_sdmmc.o(i.SDMMC_CmdReadMultiBlock)
    SDMMC_CmdReadSingleBlock                 0x08005a25   Thumb Code    56  stm32f1xx_ll_sdmmc.o(i.SDMMC_CmdReadSingleBlock)
    SDMMC_CmdSelDesel                        0x08005a5d   Thumb Code    58  stm32f1xx_ll_sdmmc.o(i.SDMMC_CmdSelDesel)
    SDMMC_CmdSendCID                         0x08005a97   Thumb Code    50  stm32f1xx_ll_sdmmc.o(i.SDMMC_CmdSendCID)
    SDMMC_CmdSendCSD                         0x08005ac9   Thumb Code    50  stm32f1xx_ll_sdmmc.o(i.SDMMC_CmdSendCSD)
    SDMMC_CmdSendSCR                         0x08005afb   Thumb Code    56  stm32f1xx_ll_sdmmc.o(i.SDMMC_CmdSendSCR)
    SDMMC_CmdSendStatus                      0x08005b33   Thumb Code    56  stm32f1xx_ll_sdmmc.o(i.SDMMC_CmdSendStatus)
    SDMMC_CmdSetRelAdd                       0x08005b6b   Thumb Code    56  stm32f1xx_ll_sdmmc.o(i.SDMMC_CmdSetRelAdd)
    SDMMC_CmdStopTransfer                    0x08005ba5   Thumb Code    54  stm32f1xx_ll_sdmmc.o(i.SDMMC_CmdStopTransfer)
    SDMMC_CmdWriteMultiBlock                 0x08005be1   Thumb Code    56  stm32f1xx_ll_sdmmc.o(i.SDMMC_CmdWriteMultiBlock)
    SDMMC_CmdWriteSingleBlock                0x08005c19   Thumb Code    56  stm32f1xx_ll_sdmmc.o(i.SDMMC_CmdWriteSingleBlock)
    SD_initialize                            0x0800642d   Thumb Code    34  sd_diskio.o(i.SD_initialize)
    SD_ioctl                                 0x08006455   Thumb Code   100  sd_diskio.o(i.SD_ioctl)
    SD_read                                  0x080064bd   Thumb Code    64  sd_diskio.o(i.SD_read)
    SD_status                                0x08006505   Thumb Code    34  sd_diskio.o(i.SD_status)
    SD_write                                 0x0800652d   Thumb Code    64  sd_diskio.o(i.SD_write)
    SVC_Handler                              0x08006575   Thumb Code     2  stm32f1xx_it.o(i.SVC_Handler)
    SysTick_Handler                          0x08006577   Thumb Code     8  stm32f1xx_it.o(i.SysTick_Handler)
    SystemClock_Config                       0x0800657f   Thumb Code   136  main.o(i.SystemClock_Config)
    SystemInit                               0x08006609   Thumb Code    70  system_stm32f1xx_1.o(i.SystemInit)
    TIM2_IRQHandler                          0x08006661   Thumb Code    16  stm32f1xx_it.o(i.TIM2_IRQHandler)
    TIM_Base_SetConfig                       0x08006679   Thumb Code   134  stm32f1xx_hal_tim.o(i.TIM_Base_SetConfig)
    TIM_ETR_SetConfig                        0x08006715   Thumb Code    22  stm32f1xx_hal_tim.o(i.TIM_ETR_SetConfig)
    UsageFault_Handler                       0x080068f5   Thumb Code     4  stm32f1xx_it.o(i.UsageFault_Handler)
    WM89060_Init                             0x080068f9   Thumb Code   242  wm8960.o(i.WM89060_Init)
    WM8960_Write_Reg                         0x08006a3d   Thumb Code    58  wm8960.o(i.WM8960_Write_Reg)
    XPT2046_Get_TouchedPoint                 0x08006a9f   Thumb Code   202  xpt2046.o(i.XPT2046_Get_TouchedPoint)
    __0printf$6                              0x08006dc1   Thumb Code    22  printf6.o(i.__0printf$6)
    __1printf$6                              0x08006dc1   Thumb Code     0  printf6.o(i.__0printf$6)
    __2printf                                0x08006dc1   Thumb Code     0  printf6.o(i.__0printf$6)
    __0sprintf$6                             0x08006de1   Thumb Code    34  printf6.o(i.__0sprintf$6)
    __1sprintf$6                             0x08006de1   Thumb Code     0  printf6.o(i.__0sprintf$6)
    __2sprintf                               0x08006de1   Thumb Code     0  printf6.o(i.__0sprintf$6)
    __scatterload_copy                       0x08006e41   Thumb Code    14  handlers.o(i.__scatterload_copy)
    __scatterload_null                       0x08006e4f   Thumb Code     2  handlers.o(i.__scatterload_null)
    __scatterload_zeroinit                   0x08006e51   Thumb Code    14  handlers.o(i.__scatterload_zeroinit)
    check_touchedInside                      0x08007245   Thumb Code    60  xpt2046.o(i.check_touchedInside)
    clear_readbuffer                         0x08007359   Thumb Code    18  main.o(i.clear_readbuffer)
    clust2sect                               0x080073a9   Thumb Code    32  ff.o(i.clust2sect)
    disk_initialize                          0x080079cd   Thumb Code    40  diskio.o(i.disk_initialize)
    disk_ioctl                               0x080079f9   Thumb Code    36  diskio.o(i.disk_ioctl)
    disk_read                                0x08007a21   Thumb Code    42  diskio.o(i.disk_read)
    disk_status                              0x08007a51   Thumb Code    24  diskio.o(i.disk_status)
    disk_write                               0x08007a6d   Thumb Code    42  diskio.o(i.disk_write)
    display_mode                             0x08007a9d   Thumb Code  1822  main.o(i.display_mode)
    draw_hit                                 0x08008245   Thumb Code   152  main.o(i.draw_hit)
    draw_lane_background                     0x080082ed   Thumb Code    16  main.o(i.draw_lane_background)
    draw_note                                0x08008305   Thumb Code   132  main.o(i.draw_note)
    f_close                                  0x080083c1   Thumb Code    46  ff.o(i.f_close)
    f_closedir                               0x080083ef   Thumb Code    42  ff.o(i.f_closedir)
    f_gets                                   0x08008419   Thumb Code    86  ff.o(i.f_gets)
    f_mount                                  0x08008471   Thumb Code    96  ff.o(i.f_mount)
    f_open                                   0x080084d5   Thumb Code   446  ff.o(i.f_open)
    f_opendir                                0x08008693   Thumb Code   166  ff.o(i.f_opendir)
    f_puts                                   0x08008739   Thumb Code    74  ff.o(i.f_puts)
    f_read                                   0x08008783   Thumb Code   516  ff.o(i.f_read)
    f_readdir                                0x08008987   Thumb Code    92  ff.o(i.f_readdir)
    f_sync                                   0x080089e3   Thumb Code   202  ff.o(i.f_sync)
    f_write                                  0x08008aad   Thumb Code   598  ff.o(i.f_write)
    fputc                                    0x0800917d   Thumb Code    22  main.o(i.fputc)
    get_fat                                  0x08009199   Thumb Code   238  ff.o(i.get_fat)
    get_fattime                              0x08009287   Thumb Code     4  fatfs.o(i.get_fattime)
    handleTouch                              0x08009345   Thumb Code   564  main.o(i.handleTouch)
    lane_buffer_in_bound                     0x08009675   Thumb Code    30  main.o(i.lane_buffer_in_bound)
    main                                     0x080096b5   Thumb Code  1402  main.o(i.main)
    number2char                              0x08009cf1   Thumb Code   132  main.o(i.number2char)
    put_fat                                  0x08009d75   Thumb Code   326  ff.o(i.put_fat)
    remove_newline                           0x08009f83   Thumb Code    30  main.o(i.remove_newline)
    reset_game_mode                          0x08009fa1   Thumb Code    52  main.o(i.reset_game_mode)
    scan_map_files                           0x0800a005   Thumb Code   268  main.o(i.scan_map_files)
    show_game_background                     0x0800a1b5   Thumb Code   192  main.o(i.show_game_background)
    test_with_noise                          0x0800a411   Thumb Code    30  wm8960.o(i.test_with_noise)
    ucAscii_1608                             0x0800a476   Data        1520  lcdtp.o(.constdata)
    AHBPrescTable                            0x0800aa66   Data          16  system_stm32f1xx_1.o(.constdata)
    APBPrescTable                            0x0800aa76   Data           8  system_stm32f1xx_1.o(.constdata)
    SD_Driver                                0x0800ab2c   Data          20  sd_diskio.o(.constdata)
    __ctype_categories                       0x0800ab40   Data          64  ctype_c.o(.constdata)
    Region$$Table$$Base                      0x0800ab80   Number         0  anon$$obj.o(Region$$Table)
    Region$$Table$$Limit                     0x0800aba0   Number         0  anon$$obj.o(Region$$Table)
    strXPT2046_TouchPara                     0x20000000   Data          48  xpt2046.o(.data)
    ucXPT2046_TouchFlag                      0x20000030   Data           1  xpt2046.o(.data)
    time_up                                  0x20000031   Data           1  xpt2046.o(.data)
    AudioTotalSize                           0x20000034   Data           4  wm8960.o(.data)
    AudioRemSize                             0x20000038   Data           4  wm8960.o(.data)
    CurrentPos                               0x2000003c   Data           4  wm8960.o(.data)
    hc                                       0x20000040   Data           4  wm8960.o(.data)
    hs                                       0x20000044   Data           4  wm8960.o(.data)
    res                                      0x200000b8   Data           1  main.o(.data)
    num_of_bytes                             0x200000bc   Data           4  main.o(.data)
    good_range                               0x200000c0   Data           4  main.o(.data)
    ok_range                                 0x200000c4   Data           4  main.o(.data)
    mode                                     0x200000c8   Data           4  main.o(.data)
    adc_value                                0x200000cc   Data           4  main.o(.data)
    adc_value2                               0x200000d0   Data           4  main.o(.data)
    last_adc_value                           0x200000d4   Data           4  main.o(.data)
    last_adc_value2                          0x200000d8   Data           4  main.o(.data)
    current_map_index                        0x200000dc   Data           4  main.o(.data)
    map_path                                 0x200000e0   Data           7  main.o(.data)
    map_num                                  0x200000e8   Data           4  main.o(.data)
    sensitivity                              0x200000ec   Data           4  main.o(.data)
    sensitivity_gap                          0x200000f0   Data           4  main.o(.data)
    sensitivity_level                        0x200000f4   Data           4  main.o(.data)
    note_speed                               0x200000f8   Data           4  main.o(.data)
    offset                                   0x200000fc   Data           4  main.o(.data)
    end_time                                 0x20000100   Data           4  main.o(.data)
    note_counter                             0x20000104   Data           4  main.o(.data)
    time_lapse                               0x20000108   Data           4  main.o(.data)
    first_note_index                         0x2000010c   Data           4  main.o(.data)
    score                                    0x20000110   Data           4  main.o(.data)
    good_count                               0x20000114   Data           4  main.o(.data)
    okay_count                               0x20000118   Data           4  main.o(.data)
    miss_count                               0x2000011c   Data           4  main.o(.data)
    combo                                    0x20000120   Data           4  main.o(.data)
    highest_combo                            0x20000124   Data           4  main.o(.data)
    last_score                               0x20000128   Data           4  main.o(.data)
    last_hit                                 0x2000012c   Data           4  main.o(.data)
    volume                                   0x20000130   Data           2  main.o(.data)
    temp                                     0x20000134   Data           4  main.o(.data)
    lcd_data_temp                            0x20000138   Data           2  main.o(.data)
    blue_note                                0x2000013a   Data        1250  main.o(.data)
    red_note                                 0x2000061c   Data        1250  main.o(.data)
    buffer_width                             0x20000b00   Data           4  main.o(.data)
    buffer_height                            0x20000b04   Data           4  main.o(.data)
    lane_background                          0x20000b08   Data       17700  main.o(.data)
    hit_good                                 0x2000502c   Data        5000  main.o(.data)
    hit_okay                                 0x200063b4   Data        5000  main.o(.data)
    retSD                                    0x2000773c   Data           1  fatfs.o(.data)
    SDPath                                   0x2000773d   Data           4  fatfs.o(.data)
    SystemCoreClock                          0x2000774c   Data           4  system_stm32f1xx_1.o(.data)
    uwTick                                   0x20007750   Data           4  stm32f1xx_hal.o(.data)
    uwTickPrio                               0x20007754   Data           4  stm32f1xx_hal.o(.data)
    uwTickFreq                               0x20007758   Data           1  stm32f1xx_hal.o(.data)
    __stdout                                 0x20007768   Data           4  stdout.o(.data)
    hadc1                                    0x2000776c   Data          48  main.o(.bss)
    hadc2                                    0x2000779c   Data          48  main.o(.bss)
    hi2c2                                    0x200077cc   Data          84  main.o(.bss)
    hi2s2                                    0x20007820   Data          60  main.o(.bss)
    hsd                                      0x2000785c   Data         132  main.o(.bss)
    hdma_sdio                                0x200078e0   Data          68  main.o(.bss)
    htim2                                    0x20007924   Data          72  main.o(.bss)
    huart1                                   0x2000796c   Data          68  main.o(.bss)
    hdma_memtomem_dma1_channel1              0x200079b0   Data          68  main.o(.bss)
    hsram1                                   0x200079f4   Data          72  main.o(.bss)
    myfats                                   0x20007a3c   Data         560  main.o(.bss)
    file                                     0x20007c6c   Data         556  main.o(.bss)
    fpath                                    0x20007e98   Data         100  main.o(.bss)
    readbuffer                               0x20007efc   Data         100  main.o(.bss)
    note_buffer                              0x20007f60   Data         800  main.o(.bss)
    map_list                                 0x20008280   Data         900  main.o(.bss)
    lane_buffer                              0x20008604   Data       17700  main.o(.bss)
    disk                                     0x2000cb40   Data          12  ff_gen_drv.o(.bss)
    __initial_sp                             0x2000cf50   Data           0  startup_stm32f103xe.o(STACK)



==============================================================================

Memory Map of the image

  Image Entry point : 0x08000131

  Load Region LR_IROM1 (Base: 0x08000000, Size: 0x0001230c, Max: 0x00080000, ABSOLUTE, COMPRESSED[0x0000bcec])

    Execution Region ER_IROM1 (Base: 0x08000000, Size: 0x0000aba0, Max: 0x00080000, ABSOLUTE)

    Base Addr    Size         Type   Attr      Idx    E Section Name        Object

    0x08000000   0x00000130   Data   RO            3    RESET               startup_stm32f103xe.o
    0x08000130   0x00000000   Code   RO         5737  * .ARM.Collect$$$$00000000  mc_w.l(entry.o)
    0x08000130   0x00000004   Code   RO         6041    .ARM.Collect$$$$00000001  mc_w.l(entry2.o)
    0x08000134   0x00000004   Code   RO         6044    .ARM.Collect$$$$00000004  mc_w.l(entry5.o)
    0x08000138   0x00000000   Code   RO         6046    .ARM.Collect$$$$00000008  mc_w.l(entry7b.o)
    0x08000138   0x00000000   Code   RO         6048    .ARM.Collect$$$$0000000A  mc_w.l(entry8b.o)
    0x08000138   0x00000008   Code   RO         6049    .ARM.Collect$$$$0000000B  mc_w.l(entry9a.o)
    0x08000140   0x00000000   Code   RO         6051    .ARM.Collect$$$$0000000D  mc_w.l(entry10a.o)
    0x08000140   0x00000000   Code   RO         6053    .ARM.Collect$$$$0000000F  mc_w.l(entry11a.o)
    0x08000140   0x00000004   Code   RO         6042    .ARM.Collect$$$$00002712  mc_w.l(entry2.o)
    0x08000144   0x00000024   Code   RO            4    .text               startup_stm32f103xe.o
    0x08000168   0x00000020   Code   RO         5740    .text               mc_w.l(llushr.o)
    0x08000188   0x00000024   Code   RO         5742    .text               mc_w.l(memcpya.o)
    0x080001ac   0x00000024   Code   RO         5744    .text               mc_w.l(memseta.o)
    0x080001d0   0x00000018   Code   RO         5746    .text               mc_w.l(strcat.o)
    0x080001e8   0x00000012   Code   RO         5750    .text               mc_w.l(strcpy.o)
    0x080001fa   0x00000002   PAD
    0x080001fc   0x00000044   Code   RO         5752    .text               mc_w.l(strtok.o)
    0x08000240   0x00000038   Code   RO         6021    .text               mc_w.l(__0sscanf.o)
    0x08000278   0x0000014c   Code   RO         6023    .text               mc_w.l(_scanf_int.o)
    0x080003c4   0x0000014e   Code   RO         6025    .text               mf_w.l(dadd.o)
    0x08000512   0x000000e4   Code   RO         6027    .text               mf_w.l(dmul.o)
    0x080005f6   0x000000de   Code   RO         6029    .text               mf_w.l(ddiv.o)
    0x080006d4   0x00000022   Code   RO         6031    .text               mf_w.l(dflti.o)
    0x080006f6   0x0000001a   Code   RO         6033    .text               mf_w.l(dfltui.o)
    0x08000710   0x0000003e   Code   RO         6035    .text               mf_w.l(dfixi.o)
    0x0800074e   0x00000032   Code   RO         6037    .text               mf_w.l(dfixui.o)
    0x08000780   0x0000002c   Code   RO         6056    .text               mc_w.l(uidiv.o)
    0x080007ac   0x0000001e   Code   RO         6060    .text               mc_w.l(llshl.o)
    0x080007ca   0x00000024   Code   RO         6062    .text               mc_w.l(llsshr.o)
    0x080007ee   0x0000001c   Code   RO         6064    .text               mc_w.l(_chval.o)
    0x0800080a   0x00000002   PAD
    0x0800080c   0x00000028   Code   RO         6066    .text               mc_w.l(scanf_char.o)
    0x08000834   0x00000040   Code   RO         6068    .text               mc_w.l(_sgetc.o)
    0x08000874   0x00000000   Code   RO         6070    .text               mc_w.l(iusefp.o)
    0x08000874   0x000000ba   Code   RO         6071    .text               mf_w.l(depilogue.o)
    0x0800092e   0x00000002   PAD
    0x08000930   0x00000024   Code   RO         6077    .text               mc_w.l(init.o)
    0x08000954   0x0000000a   Code   RO         6079    .text               mc_w.l(isspace_c.o)
    0x0800095e   0x00000002   PAD
    0x08000960   0x0000032c   Code   RO         6081    .text               mc_w.l(_scanf.o)
    0x08000c8c   0x00000028   Code   RO         6083    .text               mc_w.l(ctype_c.o)
    0x08000cb4   0x0000005e   Code   RO         6094    .text               mc_w.l(__dclz77c.o)
    0x08000d12   0x0000005c   Code   RO         1118    i.ADC_ConversionStop_Disable  stm32f1xx_hal_adc.o
    0x08000d6e   0x00000002   PAD
    0x08000d70   0x00000090   Code   RO         1122    i.ADC_Enable        stm32f1xx_hal_adc.o
    0x08000e00   0x00000014   Code   RO          675    i.BSP_SD_GetCardInfo  bsp_driver_sd.o
    0x08000e14   0x00000018   Code   RO          676    i.BSP_SD_GetCardState  bsp_driver_sd.o
    0x08000e2c   0x00000030   Code   RO          678    i.BSP_SD_Init       bsp_driver_sd.o
    0x08000e5c   0x0000000c   Code   RO          679    i.BSP_SD_IsDetected  bsp_driver_sd.o
    0x08000e68   0x00000030   Code   RO          680    i.BSP_SD_ReadBlocks  bsp_driver_sd.o
    0x08000e98   0x00000030   Code   RO          683    i.BSP_SD_WriteBlocks  bsp_driver_sd.o
    0x08000ec8   0x00000004   Code   RO          830    i.BusFault_Handler  stm32f1xx_it.o
    0x08000ecc   0x00000010   Code   RO          831    i.DMA2_Channel4_5_IRQHandler  stm32f1xx_it.o
    0x08000edc   0x0000002c   Code   RO         1777    i.DMA_SetConfig     stm32f1xx_hal_dma.o
    0x08000f08   0x00000002   Code   RO          832    i.DebugMon_Handler  stm32f1xx_it.o
    0x08000f0a   0x00000012   Code   RO           13    i.Delay             lcdtp.o
    0x08000f1c   0x0000002c   Code   RO          833    i.EXTI4_IRQHandler  stm32f1xx_it.o
    0x08000f48   0x00000002   Code   RO          449    i.Error_Handler     main.o
    0x08000f4a   0x00000012   Code   RO         5602    i.FATFS_LinkDriver  ff_gen_drv.o
    0x08000f5c   0x00000054   Code   RO         5603    i.FATFS_LinkDriverEx  ff_gen_drv.o
    0x08000fb0   0x00000044   Code   RO         2408    i.FSMC_NORSRAM_Extended_Timing_Init  stm32f1xx_ll_fsmc.o
    0x08000ff4   0x00000078   Code   RO         2409    i.FSMC_NORSRAM_Init  stm32f1xx_ll_fsmc.o
    0x0800106c   0x00000042   Code   RO         2410    i.FSMC_NORSRAM_Timing_Init  stm32f1xx_ll_fsmc.o
    0x080010ae   0x00000002   PAD
    0x080010b0   0x000000c8   Code   RO          294    i.Get_TouchedPoint  xpt2046.o
    0x08001178   0x00000118   Code   RO         1298    i.HAL_ADCEx_Calibration_Start  stm32f1xx_hal_adc_ex.o
    0x08001290   0x00000160   Code   RO         1124    i.HAL_ADC_ConfigChannel  stm32f1xx_hal_adc.o
    0x080013f0   0x00000008   Code   RO         1131    i.HAL_ADC_GetValue  stm32f1xx_hal_adc.o
    0x080013f8   0x00000160   Code   RO         1133    i.HAL_ADC_Init      stm32f1xx_hal_adc.o
    0x08001558   0x000000c8   Code   RO          925    i.HAL_ADC_MspInit   stm32f1xx_hal_msp.o
    0x08001620   0x00000180   Code   RO         1137    i.HAL_ADC_PollForConversion  stm32f1xx_hal_adc.o
    0x080017a0   0x00000130   Code   RO         1139    i.HAL_ADC_Start     stm32f1xx_hal_adc.o
    0x080018d0   0x00000398   Code   RO         1783    i.HAL_DMA_IRQHandler  stm32f1xx_hal_dma.o
    0x08001c68   0x0000008c   Code   RO         1784    i.HAL_DMA_Init      stm32f1xx_hal_dma.o
    0x08001cf4   0x00000654   Code   RO         1785    i.HAL_DMA_PollForTransfer  stm32f1xx_hal_dma.o
    0x08002348   0x00000072   Code   RO         1787    i.HAL_DMA_Start     stm32f1xx_hal_dma.o
    0x080023ba   0x00000002   PAD
    0x080023bc   0x00000028   Code   RO         1401    i.HAL_Delay         stm32f1xx_hal.o
    0x080023e4   0x0000007c   Code   RO          927    i.HAL_FSMC_MspInit  stm32f1xx_hal_msp.o
    0x08002460   0x00000002   Code   RO         1712    i.HAL_GPIO_EXTI_Callback  stm32f1xx_hal_gpio.o
    0x08002462   0x00000002   PAD
    0x08002464   0x0000001c   Code   RO         1713    i.HAL_GPIO_EXTI_IRQHandler  stm32f1xx_hal_gpio.o
    0x08002480   0x00000340   Code   RO         1714    i.HAL_GPIO_Init     stm32f1xx_hal_gpio.o
    0x080027c0   0x00000010   Code   RO         1716    i.HAL_GPIO_ReadPin  stm32f1xx_hal_gpio.o
    0x080027d0   0x0000000c   Code   RO         1718    i.HAL_GPIO_WritePin  stm32f1xx_hal_gpio.o
    0x080027dc   0x0000000c   Code   RO         1405    i.HAL_GetTick       stm32f1xx_hal.o
    0x080027e8   0x000001d0   Code   RO         2672    i.HAL_I2C_Init      stm32f1xx_hal_i2c.o
    0x080029b8   0x00000170   Code   RO         2685    i.HAL_I2C_Master_Transmit  stm32f1xx_hal_i2c.o
    0x08002b28   0x00000078   Code   RO          929    i.HAL_I2C_MspInit   stm32f1xx_hal_msp.o
    0x08002ba0   0x00000144   Code   RO         3141    i.HAL_I2S_Init      stm32f1xx_hal_i2s.o
    0x08002ce4   0x000000a4   Code   RO          931    i.HAL_I2S_MspInit   stm32f1xx_hal_msp.o
    0x08002d88   0x00000176   Code   RO         3149    i.HAL_I2S_Transmit  stm32f1xx_hal_i2s.o
    0x08002efe   0x00000002   PAD
    0x08002f00   0x00000018   Code   RO         1411    i.HAL_IncTick       stm32f1xx_hal.o
    0x08002f18   0x00000028   Code   RO         1412    i.HAL_Init          stm32f1xx_hal.o
    0x08002f40   0x0000004c   Code   RO         1413    i.HAL_InitTick      stm32f1xx_hal.o
    0x08002f8c   0x00000054   Code   RO          932    i.HAL_MspInit       stm32f1xx_hal_msp.o
    0x08002fe0   0x00000020   Code   RO         1874    i.HAL_NVIC_EnableIRQ  stm32f1xx_hal_cortex.o
    0x08003000   0x0000007c   Code   RO         1880    i.HAL_NVIC_SetPriority  stm32f1xx_hal_cortex.o
    0x0800307c   0x00000028   Code   RO         1881    i.HAL_NVIC_SetPriorityGrouping  stm32f1xx_hal_cortex.o
    0x080030a4   0x00000134   Code   RO         1676    i.HAL_RCCEx_GetPeriphCLKFreq  stm32f1xx_hal_rcc_ex.o
    0x080031d8   0x00000130   Code   RO         1677    i.HAL_RCCEx_PeriphCLKConfig  stm32f1xx_hal_rcc_ex.o
    0x08003308   0x0000018c   Code   RO         1569    i.HAL_RCC_ClockConfig  stm32f1xx_hal_rcc.o
    0x08003494   0x0000000c   Code   RO         1574    i.HAL_RCC_GetHCLKFreq  stm32f1xx_hal_rcc.o
    0x080034a0   0x00000020   Code   RO         1576    i.HAL_RCC_GetPCLK1Freq  stm32f1xx_hal_rcc.o
    0x080034c0   0x00000020   Code   RO         1577    i.HAL_RCC_GetPCLK2Freq  stm32f1xx_hal_rcc.o
    0x080034e0   0x00000094   Code   RO         1578    i.HAL_RCC_GetSysClockFreq  stm32f1xx_hal_rcc.o
    0x08003574   0x00000464   Code   RO         1581    i.HAL_RCC_OscConfig  stm32f1xx_hal_rcc.o
    0x080039d8   0x000000c8   Code   RO         3602    i.HAL_SD_ConfigWideBusOperation  stm32f1xx_hal_sd.o
    0x08003aa0   0x000001c8   Code   RO         3607    i.HAL_SD_GetCardCSD  stm32f1xx_hal_sd.o
    0x08003c68   0x00000026   Code   RO         3608    i.HAL_SD_GetCardInfo  stm32f1xx_hal_sd.o
    0x08003c8e   0x00000024   Code   RO         3609    i.HAL_SD_GetCardState  stm32f1xx_hal_sd.o
    0x08003cb2   0x0000003c   Code   RO         3614    i.HAL_SD_Init       stm32f1xx_hal_sd.o
    0x08003cee   0x00000002   PAD
    0x08003cf0   0x000000ac   Code   RO         3615    i.HAL_SD_InitCard   stm32f1xx_hal_sd.o
    0x08003d9c   0x000000ec   Code   RO          934    i.HAL_SD_MspInit    stm32f1xx_hal_msp.o
    0x08003e88   0x00000298   Code   RO         3618    i.HAL_SD_ReadBlocks  stm32f1xx_hal_sd.o
    0x08004120   0x00000230   Code   RO         3623    i.HAL_SD_WriteBlocks  stm32f1xx_hal_sd.o
    0x08004350   0x00000066   Code   RO         2530    i.HAL_SRAM_Init     stm32f1xx_hal_sram.o
    0x080043b6   0x0000000a   Code   RO          936    i.HAL_SRAM_MspInit  stm32f1xx_hal_msp.o
    0x080043c0   0x00000034   Code   RO         1885    i.HAL_SYSTICK_Config  stm32f1xx_hal_cortex.o
    0x080043f4   0x00000002   Code   RO         4571    i.HAL_TIMEx_BreakCallback  stm32f1xx_hal_tim_ex.o
    0x080043f6   0x00000002   Code   RO         4572    i.HAL_TIMEx_CommutCallback  stm32f1xx_hal_tim_ex.o
    0x080043f8   0x0000009c   Code   RO         4590    i.HAL_TIMEx_MasterConfigSynchronization  stm32f1xx_hal_tim_ex.o
    0x08004494   0x00000066   Code   RO         3856    i.HAL_TIM_Base_Init  stm32f1xx_hal_tim.o
    0x080044fa   0x00000002   PAD
    0x080044fc   0x00000040   Code   RO          938    i.HAL_TIM_Base_MspInit  stm32f1xx_hal_msp.o
    0x0800453c   0x00000090   Code   RO         3861    i.HAL_TIM_Base_Start_IT  stm32f1xx_hal_tim.o
    0x080045cc   0x00000108   Code   RO         3865    i.HAL_TIM_ConfigClockSource  stm32f1xx_hal_tim.o
    0x080046d4   0x00000002   Code   RO         3890    i.HAL_TIM_IC_CaptureCallback  stm32f1xx_hal_tim.o
    0x080046d6   0x00000196   Code   RO         3904    i.HAL_TIM_IRQHandler  stm32f1xx_hal_tim.o
    0x0800486c   0x00000002   Code   RO         3907    i.HAL_TIM_OC_DelayElapsedCallback  stm32f1xx_hal_tim.o
    0x0800486e   0x00000002   Code   RO         3934    i.HAL_TIM_PWM_PulseFinishedCallback  stm32f1xx_hal_tim.o
    0x08004870   0x00000002   Code   RO         3942    i.HAL_TIM_PeriodElapsedCallback  stm32f1xx_hal_tim.o
    0x08004872   0x00000002   Code   RO         3947    i.HAL_TIM_TriggerCallback  stm32f1xx_hal_tim.o
    0x08004874   0x00000072   Code   RO         4867    i.HAL_UART_Init     stm32f1xx_hal_uart.o
    0x080048e6   0x00000002   PAD
    0x080048e8   0x00000088   Code   RO          940    i.HAL_UART_MspInit  stm32f1xx_hal_msp.o
    0x08004970   0x000000d2   Code   RO         4875    i.HAL_UART_Transmit  stm32f1xx_hal_uart.o
    0x08004a42   0x00000004   Code   RO          834    i.HardFault_Handler  stm32f1xx_it.o
    0x08004a46   0x0000003e   Code   RO         2715    i.I2C_IsAcknowledgeFailed  stm32f1xx_hal_i2c.o
    0x08004a84   0x000000c0   Code   RO         2719    i.I2C_MasterRequestWrite  stm32f1xx_hal_i2c.o
    0x08004b44   0x0000005c   Code   RO         2735    i.I2C_WaitOnBTFFlagUntilTimeout  stm32f1xx_hal_i2c.o
    0x08004ba0   0x00000086   Code   RO         2736    i.I2C_WaitOnFlagUntilTimeout  stm32f1xx_hal_i2c.o
    0x08004c26   0x000000c4   Code   RO         2737    i.I2C_WaitOnMasterAddressFlagUntilTimeout  stm32f1xx_hal_i2c.o
    0x08004cea   0x0000005c   Code   RO         2741    i.I2C_WaitOnTXEFlagUntilTimeout  stm32f1xx_hal_i2c.o
    0x08004d46   0x00000054   Code   RO         3161    i.I2S_WaitFlagStateUntilTimeout  stm32f1xx_hal_i2s.o
    0x08004d9a   0x00000002   PAD
    0x08004d9c   0x00000024   Code   RO           14    i.LCD_BackLed_Control  lcdtp.o
    0x08004dc0   0x0000002a   Code   RO           15    i.LCD_Clear         lcdtp.o
    0x08004dea   0x00000002   PAD
    0x08004dec   0x00000064   Code   RO           16    i.LCD_DrawChar      lcdtp.o
    0x08004e50   0x00000028   Code   RO           20    i.LCD_DrawDot       lcdtp.o
    0x08004e78   0x000000ae   Code   RO           21    i.LCD_DrawLine      lcdtp.o
    0x08004f26   0x00000092   Code   RO           22    i.LCD_DrawRectangle  lcdtp.o
    0x08004fb8   0x00000042   Code   RO           24    i.LCD_DrawString    lcdtp.o
    0x08004ffa   0x00000020   Code   RO           26    i.LCD_FillColor     lcdtp.o
    0x0800501a   0x00000026   Code   RO           29    i.LCD_INIT          lcdtp.o
    0x08005040   0x00000058   Code   RO           30    i.LCD_OpenWindow    lcdtp.o
    0x08005098   0x00000230   Code   RO           31    i.LCD_REG_Config    lcdtp.o
    0x080052c8   0x0000002c   Code   RO           34    i.LCD_Rst           lcdtp.o
    0x080052f4   0x00000008   Code   RO           35    i.LCD_Write_Cmd     lcdtp.o
    0x080052fc   0x0000000c   Code   RO           36    i.LCD_Write_Data    lcdtp.o
    0x08005308   0x00000060   Code   RO          450    i.MX_ADC1_Init      main.o
    0x08005368   0x00000060   Code   RO          451    i.MX_ADC2_Init      main.o
    0x080053c8   0x00000088   Code   RO          452    i.MX_DMA_Init       main.o
    0x08005450   0x0000001c   Code   RO          793    i.MX_FATFS_Init     fatfs.o
    0x0800546c   0x00000088   Code   RO          453    i.MX_FSMC_Init      main.o
    0x080054f4   0x0000017c   Code   RO          454    i.MX_GPIO_Init      main.o
    0x08005670   0x0000003c   Code   RO          455    i.MX_I2C2_Init      main.o
    0x080056ac   0x00000038   Code   RO          456    i.MX_I2S2_Init      main.o
    0x080056e4   0x00000024   Code   RO          457    i.MX_SDIO_SD_Init   main.o
    0x08005708   0x0000006c   Code   RO          458    i.MX_TIM2_Init      main.o
    0x08005774   0x00000038   Code   RO          459    i.MX_USART1_UART_Init  main.o
    0x080057ac   0x00000004   Code   RO          835    i.MemManage_Handler  stm32f1xx_it.o
    0x080057b0   0x00000002   Code   RO          836    i.NMI_Handler       stm32f1xx_it.o
    0x080057b2   0x00000002   Code   RO          837    i.PendSV_Handler    stm32f1xx_it.o
    0x080057b4   0x00000028   Code   RO         1582    i.RCC_Delay         stm32f1xx_hal_rcc.o
    0x080057dc   0x0000002c   Code   RO         3317    i.SDIO_ConfigData   stm32f1xx_ll_sdmmc.o
    0x08005808   0x00000008   Code   RO         3318    i.SDIO_GetCommandResponse  stm32f1xx_ll_sdmmc.o
    0x08005810   0x0000000a   Code   RO         3321    i.SDIO_GetPowerState  stm32f1xx_ll_sdmmc.o
    0x0800581a   0x0000000c   Code   RO         3322    i.SDIO_GetResponse  stm32f1xx_ll_sdmmc.o
    0x08005826   0x00000034   Code   RO         3323    i.SDIO_Init         stm32f1xx_ll_sdmmc.o
    0x0800585a   0x00000012   Code   RO         3325    i.SDIO_PowerState_ON  stm32f1xx_ll_sdmmc.o
    0x0800586c   0x00000008   Code   RO         3326    i.SDIO_ReadFIFO     stm32f1xx_ll_sdmmc.o
    0x08005874   0x00000028   Code   RO         3327    i.SDIO_SendCommand  stm32f1xx_ll_sdmmc.o
    0x0800589c   0x0000000c   Code   RO         3329    i.SDIO_WriteFIFO    stm32f1xx_ll_sdmmc.o
    0x080058a8   0x00000038   Code   RO         3330    i.SDMMC_CmdAppCommand  stm32f1xx_ll_sdmmc.o
    0x080058e0   0x0000003c   Code   RO         3331    i.SDMMC_CmdAppOperCommand  stm32f1xx_ll_sdmmc.o
    0x0800591c   0x00000038   Code   RO         3332    i.SDMMC_CmdBlockLength  stm32f1xx_ll_sdmmc.o
    0x08005954   0x00000038   Code   RO         3333    i.SDMMC_CmdBusWidth  stm32f1xx_ll_sdmmc.o
    0x0800598c   0x0000002c   Code   RO         3337    i.SDMMC_CmdGoIdleState  stm32f1xx_ll_sdmmc.o
    0x080059b8   0x00000034   Code   RO         3339    i.SDMMC_CmdOperCond  stm32f1xx_ll_sdmmc.o
    0x080059ec   0x00000038   Code   RO         3340    i.SDMMC_CmdReadMultiBlock  stm32f1xx_ll_sdmmc.o
    0x08005a24   0x00000038   Code   RO         3341    i.SDMMC_CmdReadSingleBlock  stm32f1xx_ll_sdmmc.o
    0x08005a5c   0x0000003a   Code   RO         3344    i.SDMMC_CmdSelDesel  stm32f1xx_ll_sdmmc.o
    0x08005a96   0x00000032   Code   RO         3345    i.SDMMC_CmdSendCID  stm32f1xx_ll_sdmmc.o
    0x08005ac8   0x00000032   Code   RO         3346    i.SDMMC_CmdSendCSD  stm32f1xx_ll_sdmmc.o
    0x08005afa   0x00000038   Code   RO         3348    i.SDMMC_CmdSendSCR  stm32f1xx_ll_sdmmc.o
    0x08005b32   0x00000038   Code   RO         3349    i.SDMMC_CmdSendStatus  stm32f1xx_ll_sdmmc.o
    0x08005b6a   0x00000038   Code   RO         3350    i.SDMMC_CmdSetRelAdd  stm32f1xx_ll_sdmmc.o
    0x08005ba2   0x00000002   PAD
    0x08005ba4   0x0000003c   Code   RO         3352    i.SDMMC_CmdStopTransfer  stm32f1xx_ll_sdmmc.o
    0x08005be0   0x00000038   Code   RO         3354    i.SDMMC_CmdWriteMultiBlock  stm32f1xx_ll_sdmmc.o
    0x08005c18   0x00000038   Code   RO         3355    i.SDMMC_CmdWriteSingleBlock  stm32f1xx_ll_sdmmc.o
    0x08005c50   0x00000040   Code   RO         3356    i.SDMMC_GetCmdError  stm32f1xx_ll_sdmmc.o
    0x08005c90   0x000001ac   Code   RO         3357    i.SDMMC_GetCmdResp1  stm32f1xx_ll_sdmmc.o
    0x08005e3c   0x00000064   Code   RO         3358    i.SDMMC_GetCmdResp2  stm32f1xx_ll_sdmmc.o
    0x08005ea0   0x00000058   Code   RO         3359    i.SDMMC_GetCmdResp3  stm32f1xx_ll_sdmmc.o
    0x08005ef8   0x000000b8   Code   RO         3360    i.SDMMC_GetCmdResp6  stm32f1xx_ll_sdmmc.o
    0x08005fb0   0x0000006c   Code   RO         3361    i.SDMMC_GetCmdResp7  stm32f1xx_ll_sdmmc.o
    0x0800601c   0x00000142   Code   RO         3631    i.SD_FindSCR        stm32f1xx_hal_sd.o
    0x0800615e   0x00000102   Code   RO         3632    i.SD_InitCard       stm32f1xx_hal_sd.o
    0x08006260   0x000000cc   Code   RO         3634    i.SD_PowerON        stm32f1xx_hal_sd.o
    0x0800632c   0x00000030   Code   RO         3637    i.SD_SendStatus     stm32f1xx_hal_sd.o
    0x0800635c   0x00000068   Code   RO         3638    i.SD_WideBus_Disable  stm32f1xx_hal_sd.o
    0x080063c4   0x00000068   Code   RO         3639    i.SD_WideBus_Enable  stm32f1xx_hal_sd.o
    0x0800642c   0x00000028   Code   RO         5682    i.SD_initialize     sd_diskio.o
    0x08006454   0x00000068   Code   RO         5683    i.SD_ioctl          sd_diskio.o
    0x080064bc   0x00000048   Code   RO         5684    i.SD_read           sd_diskio.o
    0x08006504   0x00000028   Code   RO         5685    i.SD_status         sd_diskio.o
    0x0800652c   0x00000048   Code   RO         5686    i.SD_write          sd_diskio.o
    0x08006574   0x00000002   Code   RO          838    i.SVC_Handler       stm32f1xx_it.o
    0x08006576   0x00000008   Code   RO          839    i.SysTick_Handler   stm32f1xx_it.o
    0x0800657e   0x00000088   Code   RO          460    i.SystemClock_Config  main.o
    0x08006606   0x00000002   PAD
    0x08006608   0x00000058   Code   RO         1046    i.SystemInit        system_stm32f1xx_1.o
    0x08006660   0x00000018   Code   RO          840    i.TIM2_IRQHandler   stm32f1xx_it.o
    0x08006678   0x0000009c   Code   RO         3949    i.TIM_Base_SetConfig  stm32f1xx_hal_tim.o
    0x08006714   0x00000016   Code   RO         3960    i.TIM_ETR_SetConfig  stm32f1xx_hal_tim.o
    0x0800672a   0x00000012   Code   RO         3961    i.TIM_ITRx_SetConfig  stm32f1xx_hal_tim.o
    0x0800673c   0x00000026   Code   RO         3967    i.TIM_TI1_ConfigInputStage  stm32f1xx_hal_tim.o
    0x08006762   0x00000028   Code   RO         3969    i.TIM_TI2_ConfigInputStage  stm32f1xx_hal_tim.o
    0x0800678a   0x00000002   PAD
    0x0800678c   0x000000fc   Code   RO         4894    i.UART_SetConfig    stm32f1xx_hal_uart.o
    0x08006888   0x0000006c   Code   RO         4898    i.UART_WaitOnFlagUntilTimeout  stm32f1xx_hal_uart.o
    0x080068f4   0x00000004   Code   RO          841    i.UsageFault_Handler  stm32f1xx_it.o
    0x080068f8   0x00000144   Code   RO          390    i.WM89060_Init      wm8960.o
    0x08006a3c   0x00000044   Code   RO          392    i.WM8960_Write_Reg  wm8960.o
    0x08006a80   0x0000001e   Code   RO          296    i.XPT2046_DelayUS   xpt2046.o
    0x08006a9e   0x000000ca   Code   RO          297    i.XPT2046_Get_TouchedPoint  xpt2046.o
    0x08006b68   0x00000010   Code   RO          298    i.XPT2046_ReadAdc   xpt2046.o
    0x08006b78   0x00000158   Code   RO          299    i.XPT2046_ReadAdc_Smooth_XY  xpt2046.o
    0x08006cd0   0x00000026   Code   RO          300    i.XPT2046_ReadAdc_XY  xpt2046.o
    0x08006cf6   0x00000002   PAD
    0x08006cf8   0x00000058   Code   RO          301    i.XPT2046_ReadCMD   xpt2046.o
    0x08006d50   0x00000070   Code   RO          303    i.XPT2046_WriteCMD  xpt2046.o
    0x08006dc0   0x00000020   Code   RO         5915    i.__0printf$6       mc_w.l(printf6.o)
    0x08006de0   0x00000028   Code   RO         5917    i.__0sprintf$6      mc_w.l(printf6.o)
    0x08006e08   0x00000010   Code   RO         1887    i.__NVIC_GetPriorityGrouping  stm32f1xx_hal_cortex.o
    0x08006e18   0x00000028   Code   RO         1888    i.__NVIC_SetPriority  stm32f1xx_hal_cortex.o
    0x08006e40   0x0000000e   Code   RO         6088    i.__scatterload_copy  mc_w.l(handlers.o)
    0x08006e4e   0x00000002   Code   RO         6089    i.__scatterload_null  mc_w.l(handlers.o)
    0x08006e50   0x0000000e   Code   RO         6090    i.__scatterload_zeroinit  mc_w.l(handlers.o)
    0x08006e5e   0x00000002   PAD
    0x08006e60   0x000002f0   Code   RO         5922    i._printf_core      mc_w.l(printf6.o)
    0x08007150   0x00000024   Code   RO         5923    i._printf_post_padding  mc_w.l(printf6.o)
    0x08007174   0x0000002e   Code   RO         5924    i._printf_pre_padding  mc_w.l(printf6.o)
    0x080071a2   0x0000000a   Code   RO         5926    i._sputc            mc_w.l(printf6.o)
    0x080071ac   0x00000098   Code   RO         5260    i.check_fs          ff.o
    0x08007244   0x00000040   Code   RO          304    i.check_touchedInside  xpt2046.o
    0x08007284   0x00000014   Code   RO         5261    i.chk_chr           ff.o
    0x08007298   0x00000090   Code   RO         5262    i.chk_lock          ff.o
    0x08007328   0x00000030   Code   RO         5263    i.clear_lock        ff.o
    0x08007358   0x00000018   Code   RO          461    i.clear_readbuffer  main.o
    0x08007370   0x00000038   Code   RO         5264    i.clmt_clust        ff.o
    0x080073a8   0x00000020   Code   RO         5265    i.clust2sect        ff.o
    0x080073c8   0x000000ea   Code   RO         5266    i.create_chain      ff.o
    0x080074b2   0x00000002   PAD
    0x080074b4   0x00000120   Code   RO         5267    i.create_name       ff.o
    0x080075d4   0x0000004c   Code   RO         5268    i.dec_lock          ff.o
    0x08007620   0x00000064   Code   RO         5269    i.dir_alloc         ff.o
    0x08007684   0x00000064   Code   RO         5270    i.dir_find          ff.o
    0x080076e8   0x0000015a   Code   RO         5271    i.dir_next          ff.o
    0x08007842   0x0000007a   Code   RO         5272    i.dir_read          ff.o
    0x080078bc   0x00000046   Code   RO         5273    i.dir_register      ff.o
    0x08007902   0x000000c8   Code   RO         5275    i.dir_sdi           ff.o
    0x080079ca   0x00000002   PAD
    0x080079cc   0x0000002c   Code   RO         5205    i.disk_initialize   diskio.o
    0x080079f8   0x00000028   Code   RO         5206    i.disk_ioctl        diskio.o
    0x08007a20   0x00000030   Code   RO         5207    i.disk_read         diskio.o
    0x08007a50   0x0000001c   Code   RO         5208    i.disk_status       diskio.o
    0x08007a6c   0x00000030   Code   RO         5209    i.disk_write        diskio.o
    0x08007a9c   0x000007a8   Code   RO          462    i.display_mode      main.o
    0x08008244   0x000000a8   Code   RO          463    i.draw_hit          main.o
    0x080082ec   0x00000018   Code   RO          464    i.draw_lane_background  main.o
    0x08008304   0x00000094   Code   RO          465    i.draw_note         main.o
    0x08008398   0x00000028   Code   RO         5276    i.enq_lock          ff.o
    0x080083c0   0x0000002e   Code   RO         5278    i.f_close           ff.o
    0x080083ee   0x0000002a   Code   RO         5279    i.f_closedir        ff.o
    0x08008418   0x00000056   Code   RO         5281    i.f_gets            ff.o
    0x0800846e   0x00000002   PAD
    0x08008470   0x00000064   Code   RO         5285    i.f_mount           ff.o
    0x080084d4   0x000001be   Code   RO         5286    i.f_open            ff.o
    0x08008692   0x000000a6   Code   RO         5287    i.f_opendir         ff.o
    0x08008738   0x0000004a   Code   RO         5290    i.f_puts            ff.o
    0x08008782   0x00000204   Code   RO         5291    i.f_read            ff.o
    0x08008986   0x0000005c   Code   RO         5292    i.f_readdir         ff.o
    0x080089e2   0x000000ca   Code   RO         5295    i.f_sync            ff.o
    0x08008aac   0x00000256   Code   RO         5299    i.f_write           ff.o
    0x08008d02   0x00000002   PAD
    0x08008d04   0x000003dc   Code   RO         5300    i.find_volume       ff.o
    0x080090e0   0x0000009c   Code   RO         5301    i.follow_path       ff.o
    0x0800917c   0x0000001c   Code   RO          466    i.fputc             main.o
    0x08009198   0x000000ee   Code   RO         5302    i.get_fat           ff.o
    0x08009286   0x00000004   Code   RO          794    i.get_fattime       fatfs.o
    0x0800928a   0x00000072   Code   RO         5303    i.get_fileinfo      ff.o
    0x080092fc   0x00000048   Code   RO         5304    i.get_ldnumber      ff.o
    0x08009344   0x00000248   Code   RO          467    i.handleTouch       main.o
    0x0800958c   0x000000e8   Code   RO         5305    i.inc_lock          ff.o
    0x08009674   0x0000001e   Code   RO          468    i.lane_buffer_in_bound  main.o
    0x08009692   0x00000022   Code   RO         5306    i.ld_clust          ff.o
    0x080096b4   0x000005b0   Code   RO          470    i.main              main.o
    0x08009c64   0x00000026   Code   RO         5307    i.mem_cmp           ff.o
    0x08009c8a   0x0000001a   Code   RO         5308    i.mem_cpy           ff.o
    0x08009ca4   0x00000014   Code   RO         5309    i.mem_set           ff.o
    0x08009cb8   0x00000038   Code   RO         5310    i.move_window       ff.o
    0x08009cf0   0x00000084   Code   RO          471    i.number2char       main.o
    0x08009d74   0x00000146   Code   RO         5311    i.put_fat           ff.o
    0x08009eba   0x0000004e   Code   RO         5312    i.putc_bfd          ff.o
    0x08009f08   0x0000007a   Code   RO         5313    i.remove_chain      ff.o
    0x08009f82   0x0000001e   Code   RO          472    i.remove_newline    main.o
    0x08009fa0   0x00000064   Code   RO          473    i.reset_game_mode   main.o
    0x0800a004   0x000001b0   Code   RO          474    i.scan_map_files    main.o
    0x0800a1b4   0x000000f8   Code   RO          475    i.show_game_background  main.o
    0x0800a2ac   0x00000010   Code   RO         5314    i.st_clust          ff.o
    0x0800a2bc   0x000000f4   Code   RO         5315    i.sync_fs           ff.o
    0x0800a3b0   0x00000060   Code   RO         5316    i.sync_window       ff.o
    0x0800a410   0x00000024   Code   RO          393    i.test_with_noise   wm8960.o
    0x0800a434   0x00000042   Code   RO         5317    i.validate          ff.o
    0x0800a476   0x000005f0   Data   RO           37    .constdata          lcdtp.o
    0x0800aa66   0x00000018   Data   RO         1047    .constdata          system_stm32f1xx_1.o
    0x0800aa7e   0x000000ac   Data   RO         5319    .constdata          ff.o
    0x0800ab2a   0x00000002   PAD
    0x0800ab2c   0x00000014   Data   RO         5687    .constdata          sd_diskio.o
    0x0800ab40   0x00000040   Data   RO         6084    .constdata          mc_w.l(ctype_c.o)
    0x0800ab80   0x00000020   Data   RO         6086    Region$$Table       anon$$obj.o


    Execution Region RW_IRAM1 (Base: 0x20000000, Size: 0x0000cf50, Max: 0x00010000, ABSOLUTE, COMPRESSED[0x0000114c])

    Base Addr    Size         Type   Attr      Idx    E Section Name        Object

    0x20000000   0x00000032   Data   RW          305    .data               xpt2046.o
    0x20000032   0x00000002   PAD
    0x20000034   0x00000084   Data   RW          394    .data               wm8960.o
    0x200000b8   0x00007684   Data   RW          478    .data               main.o
    0x2000773c   0x00000005   Data   RW          796    .data               fatfs.o
    0x20007741   0x00000003   PAD
    0x20007744   0x00000008   Data   RW          941    .data               stm32f1xx_hal_msp.o
    0x2000774c   0x00000004   Data   RW         1048    .data               system_stm32f1xx_1.o
    0x20007750   0x00000009   Data   RW         1419    .data               stm32f1xx_hal.o
    0x20007759   0x00000003   PAD
    0x2000775c   0x00000006   Data   RW         5320    .data               ff.o
    0x20007762   0x00000001   Data   RW         5688    .data               sd_diskio.o
    0x20007763   0x00000001   PAD
    0x20007764   0x00000004   Data   RW         5753    .data               mc_w.l(strtok.o)
    0x20007768   0x00000004   Data   RW         6055    .data               mc_w.l(stdout.o)
    0x2000776c   0x000053bc   Zero   RW          477    .bss                main.o
    0x2000cb28   0x00000018   Zero   RW         5318    .bss                ff.o
    0x2000cb40   0x0000000c   Zero   RW         5606    .bss                ff_gen_drv.o
    0x2000cb4c   0x00000004   PAD
    0x2000cb50   0x00000400   Zero   RW            1    STACK               startup_stm32f103xe.o


==============================================================================

Image component sizes


      Code (inc. data)   RO Data    RW Data    ZI Data      Debug   Object Name

       200         26          0          0          0       3840   bsp_driver_sd.o
       208         24          0          0          0       3709   diskio.o
        32         12          0          5          0       1412   fatfs.o
      7318         72        172          6         24      39922   ff.o
       102          6          0          0         12       1607   ff_gen_drv.o
      1404         26       1520          0          0     565890   lcdtp.o
      6662       1116          0      30340      21436      25299   main.o
       328         32         20          1          0       4492   sd_diskio.o
        36          8        304          0       1024        796   startup_stm32f103xe.o
       192         36          0          9          0       6441   stm32f1xx_hal.o
      1636         64          0          0          0       6360   stm32f1xx_hal_adc.o
       280          4          0          0          0       1446   stm32f1xx_hal_adc_ex.o
       304         22          0          0          0      29375   stm32f1xx_hal_cortex.o
      2838         36          0          0          0       5450   stm32f1xx_hal_dma.o
       890         44          0          0          0       4439   stm32f1xx_hal_gpio.o
      1600         32          0          0          0       7833   stm32f1xx_hal_i2c.o
       782          8          0          0          0       3334   stm32f1xx_hal_i2s.o
      1138        124          0          8          0       6414   stm32f1xx_hal_msp.o
      1784        110          0          0          0       5956   stm32f1xx_hal_rcc.o
       612         46          0          0          0       2409   stm32f1xx_hal_rcc_ex.o
      3226         34          0          0          0      12972   stm32f1xx_hal_sd.o
       102          0          0          0          0       1184   stm32f1xx_hal_sram.o
      1200         44          0          0          0       9663   stm32f1xx_hal_tim.o
       160         22          0          0          0       2381   stm32f1xx_hal_tim_ex.o
       684          4          0          0          0       3576   stm32f1xx_hal_uart.o
       116         22          0          0          0       5176   stm32f1xx_it.o
       254         10          0          0          0       3803   stm32f1xx_ll_fsmc.o
      2110         46          0          0          0      23131   stm32f1xx_ll_sdmmc.o
        88         18         24          4          0       1139   system_stm32f1xx_1.o
       428         98          0        132          0       2627   wm8960.o
      1094         30          0         50          0       8975   xpt2046.o

    ----------------------------------------------------------------------
     37844       2176       2074      30564      22500     801051   Object Totals
         0          0         32          0          0          0   (incl. Generated)
        36          0          2          9          4          0   (incl. Padding)

    ----------------------------------------------------------------------

      Code (inc. data)   RO Data    RW Data    ZI Data      Debug   Library Member Name

        56          8          0          0          0         84   __0sscanf.o
        94          0          0          0          0          0   __dclz77c.o
        28          0          0          0          0         68   _chval.o
       812          4          0          0          0        112   _scanf.o
       332          0          0          0          0         96   _scanf_int.o
        64          0          0          0          0         84   _sgetc.o
        40          6         64          0          0         68   ctype_c.o
         0          0          0          0          0          0   entry.o
         0          0          0          0          0          0   entry10a.o
         0          0          0          0          0          0   entry11a.o
         8          4          0          0          0          0   entry2.o
         4          0          0          0          0          0   entry5.o
         0          0          0          0          0          0   entry7b.o
         0          0          0          0          0          0   entry8b.o
         8          4          0          0          0          0   entry9a.o
        30          0          0          0          0          0   handlers.o
        36          8          0          0          0         68   init.o
        10          0          0          0          0         68   isspace_c.o
         0          0          0          0          0          0   iusefp.o
        30          0          0          0          0         68   llshl.o
        36          0          0          0          0         68   llsshr.o
        32          0          0          0          0         68   llushr.o
        36          0          0          0          0         68   memcpya.o
        36          0          0          0          0        108   memseta.o
       916         20          0          0          0        504   printf6.o
        40          8          0          0          0         84   scanf_char.o
         0          0          0          4          0          0   stdout.o
        24          0          0          0          0         68   strcat.o
        18          0          0          0          0         68   strcpy.o
        68          6          0          4          0         80   strtok.o
        44          0          0          0          0         80   uidiv.o
       334          0          0          0          0        148   dadd.o
       222          0          0          0          0        100   ddiv.o
       186          0          0          0          0        176   depilogue.o
        62          0          0          0          0         80   dfixi.o
        50          0          0          0          0         76   dfixui.o
        34          0          0          0          0         76   dflti.o
        26          0          0          0          0         76   dfltui.o
       228          0          0          0          0         96   dmul.o

    ----------------------------------------------------------------------
      3954         68         64          8          0       2740   Library Totals
        10          0          0          0          0          0   (incl. Padding)

    ----------------------------------------------------------------------

      Code (inc. data)   RO Data    RW Data    ZI Data      Debug   Library Name

      2802         68         64          8          0       1912   mc_w.l
      1142          0          0          0          0        828   mf_w.l

    ----------------------------------------------------------------------
      3954         68         64          8          0       2740   Library Totals

    ----------------------------------------------------------------------

==============================================================================


      Code (inc. data)   RO Data    RW Data    ZI Data      Debug   

     41798       2244       2138      30572      22500     789307   Grand Totals
     41798       2244       2138       4428      22500     789307   ELF Image Totals (compressed)
     41798       2244       2138       4428          0          0   ROM Totals

==============================================================================

    Total RO  Size (Code + RO Data)                43936 (  42.91kB)
    Total RW  Size (RW Data + ZI Data)             53072 (  51.83kB)
    Total ROM Size (Code + RO Data + RW Data)      48364 (  47.23kB)

==============================================================================

